Flow 3 risky: tcp 10.4.20.102:54319 -> 107.161.178.210:80
Flow 4 risky: tcp 10.4.25.101:49797 -> 77.105.36.156:80
