Flow 3 midstream: tcp 208.245.107.3:4000 -> 192.168.0.20:45578
Flow 2 midstream: tcp 8.17.22.31:4000 -> 192.168.0.20:47968
Flow 1 midstream: tcp 8.17.22.31:4000 -> 192.168.0.20:43594
Flow 5 midstream: tcp 208.245.107.3:4000 -> 192.168.0.20:45584
Flow 8 midstream: tcp 8.17.22.31:4000 -> 192.168.0.20:40918
Flow 4 midstream: tcp 8.17.22.31:4000 -> 192.168.0.20:47952
Flow 6 midstream: tcp 8.17.22.31:4000 -> 192.168.0.20:47962
Flow 9 midstream: tcp 208.245.107.3:4000 -> 192.168.0.20:38646
Flow 7 midstream: tcp 208.245.107.3:4000 -> 192.168.0.20:38652
Flow 10 midstream: tcp 208.245.107.3:4000 -> 192.168.0.20:39094
Flow 11 midstream: tcp 217.192.86.32:4000 -> 192.168.0.20:53330
Flow 12 midstream: tcp 8.17.22.31:4000 -> 192.168.0.20:40928
