Flow 1 risky: tcp 10.0.0.155:49242 -> 10.0.0.126:6661
Flow 2 risky: tcp 10.0.0.155:49250 -> 10.0.0.126:6661
Flow 3 risky: tcp 10.0.0.155:49252 -> 10.0.0.126:6661
