Flow 8 not-detected: tcp 10.10.10.18:64566 -> 10.10.10.19:30000
Flow 7 risky: tcp 10.10.10.18:64566 -> 10.10.10.19:30000
