Flow 13 risky: tcp 192.168.180.2:49881 -> 178.248.208.54:80
Flow 20 risky: tcp 192.168.180.2:42590 -> 178.248.208.210:80
