Flow 1 risky: tcp 91.238.181.21:35888 -> 89.31.79.12:3389
