Flow 4 risky: udp 192.168.0.10:3445 -> 192.168.0.253:50618
Flow 9 risky: udp 192.168.2.200:47649 -> 192.168.2.45:35840
Flow 7 risky: udp 172.28.5.170:62058 -> 172.28.5.91:44618
