Flow 1 risky: tcp 172.30.84.193:40640 -> 208.253.217.142:443
