Flow 3 not-detected: tcp 127.0.0.1:40818 -> 127.0.0.1:1234
Flow 2 risky: udp 127.0.0.1:35957 -> 127.0.0.53:53
