Flow 5 risky: udp 192.168.1.252:138 -> 192.168.1.255:138
Flow 1 risky: tcp 192.168.1.252:51110 -> 91.143.93.242:443
Flow 2 risky: tcp 192.168.1.252:51111 -> 46.59.52.31:443
Flow 8 risky: tcp 192.168.1.252:51175 -> 91.143.93.242:443
Flow 7 risky: tcp 192.168.1.252:51174 -> 212.83.155.250:443
Flow 3 risky: tcp 192.168.1.252:51112 -> 38.229.70.53:443
