Flow 1 guessed: tcp 192.168.0.17:33208 -> 52.0.253.101:4244
Flow 1 not-detected: tcp 192.168.0.17:33208 -> 52.0.253.101:4244
Flow 1 midstream: tcp 192.168.0.17:33208 -> 52.0.253.101:4244
Flow 26 risky: icmp 192.168.0.17 -> 192.168.0.15
Flow 30 risky: udp 192.168.12.156:40482 -> 18.195.4.121:443
Flow 29 midstream: tcp 192.168.2.100:42900 -> 44.192.202.74:4244
