flow_datalink,l3_proto,src_ip,dst_ip,l4_proto,src_port,dst_port,flow_state,flow_src_packets_processed,flow_dst_packets_processed,flow_first_seen,flow_src_last_pkt_time,flow_dst_last_pkt_time,flow_src_min_l4_payload_len,flow_dst_min_l4_payload_len,flow_src_max_l4_payload_len,flow_dst_max_l4_payload_len,flow_src_tot_l4_payload_len,flow_dst_tot_l4_payload_len,midstream,iat_min,iat_avg,iat_max,iat_stddev,iat_var,iat_ent,iat_data,pktlen_min,pktlen_avg,pktlen_max,pktlen_stddev,pktlen_var,pktlen_ent,pktlen_data,bins_c_to_s,bins_s_to_c,directions,entropies,proto,proto_id,encrypted,breed,category,confidence_id,confidence,risks
1,ip4,192.168.12.169,149.154.167.91,tcp,37950,443,finished,13,19,1648032336009996,1648032336391148,1648032336391586,0,0,884,1228,2636,13025,0,12,24604.6,126888,31047.4,963939136.0,3.9,"30731,31937,288,33006,35575,10197,44497,8215,4395,4095,48658,1376,3118,6445,36520,17815,50889,88402,126888,78673,32858,54,22,21,65506,275,2211,37,14,12,12",52,541.9,1280,516.1,266324.8,4.3,"60,60,52,333,157,52,936,825,672,141,141,52,767,189,301,52,349,317,52,157,52,1280,1280,1280,1280,52,52,1280,1280,1280,1280,1280","6,0,0,1,1,0,0,1,2,0,0,0,0,0,0,0,0,0,0,0,0,0,1,0,0,0,0,1,0,0,0,0,0,0,0,0,0,0,0,0,0,0,0,0,0,0,0,0","4,0,2,1,0,0,0,0,0,1,0,0,0,0,0,0,0,0,0,1,0,0,0,0,1,0,0,0,0,0,0,0,0,0,0,0,0,0,9,0,0,0,0,0,0,0,0,0","0,1,0,0,1,0,0,1,1,1,1,0,0,0,0,1,1,0,1,0,1,1,1,1,1,0,0,1,1,1,1,1","4.759215832,5.200119972,5.156889439,7.326955795,6.678098679,5.118428230,7.754227638,7.716340542,7.727574825,6.586546898,6.619811058,5.118428230,7.671398640,6.924524307,7.207767487,5.154968739,7.392677784,7.317721844,5.308815479,6.654307365,5.270353794,7.858087063,7.839837551,7.851624012,7.845353127,5.195351601,5.195351601,7.846577168,7.826389313,7.858784676,7.859879017,7.849138260",Telegram,185,1,Acceptable,Chat,7,Match by IP,"35"
1,ip4,192.168.12.169,149.154.167.222,tcp,40830,443,finished,13,19,1648032336638090,1648032336766698,1648032336786651,0,0,578,1228,1261,17676,0,13,8940.9,46767,14845.6,220392240.0,3.2,"30076,31371,312,583,31529,37,19,34994,157,6898,41656,13027,44,22,16,15,16,23,15,20,46767,55,14,127,880,6450,31944,44,19,13,26",52,644.3,1280,571.9,327061.8,4.3,"60,60,52,630,221,52,157,262,52,52,333,221,1280,1280,1280,1280,1280,1280,1280,1280,1280,52,52,52,52,52,285,1280,1280,1280,1280,1280","9,0,0,0,0,1,0,1,1,0,0,0,0,0,0,0,0,0,1,0,0,0,0,0,0,0,0,0,0,0,0,0,0,0,0,0,0,0,0,0,0,0,0,0,0,0,0,0","2,0,0,1,0,1,1,0,0,0,0,0,0,0,0,0,0,0,0,0,0,0,0,0,0,0,0,0,0,0,0,0,0,0,0,0,0,0,14,0,0,0,0,0,0,0,0,0","0,1,0,0,0,1,1,1,0,0,0,1,1,1,1,1,1,1,1,1,1,0,0,0,0,0,0,1,1,1,1,1","4.759216309,5.233454227,5.156889915,7.660384178,6.987750053,5.217375278,6.765834332,7.120079041,5.195351601,5.156889915,7.396682262,7.101703167,7.850454330,7.853686333,7.825681210,7.871449947,7.830209732,7.847279072,7.843949795,7.808338642,7.841329575,5.118428230,5.156889915,5.118428230,5.118428230,5.156889915,7.139685631,7.851319790,7.844550133,7.850350380,7.835945606,7.848772049",Telegram,185,1,Acceptable,Chat,7,Match by IP,"35"
1,ip4,192.168.12.169,93.36.13.115,udp,42405,35393,finished,21,11,1648032354077734,1648032354886306,1648032354873460,23,0,237,96,1854,649,0,49,51751.5,474673,95446.3,9109989376.0,3.6,"75722,88020,12807,2328,9002,48923,21674,183,117533,50,18901,57450,295,20709,49,35124,54640,306358,41620,24769,9929,17729,18103,17365,474673,50,42102,15504,14083,40108,18495",49,106.2,265,48.9,2396.0,4.9,"128,92,51,124,92,128,128,65,71,92,92,124,54,92,64,49,124,92,265,119,119,119,119,119,265,53,64,59,119,119,79,119","3,2,11,3,0,0,0,2,0,0,0,0,0,0,0,0,0,0,0,0,0,0,0,0,0,0,0,0,0,0,0,0,0,0,0,0,0,0,0,0,0,0,0,0,0,0,0,0","2,3,3,3,0,0,0,0,0,0,0,0,0,0,0,0,0,0,0,0,0,0,0,0,0,0,0,0,0,0,0,0,0,0,0,0,0,0,0,0,0,0,0,0,0,0,0,0","0,1,0,1,0,0,0,0,0,1,1,1,0,0,1,1,1,0,0,0,0,0,0,0,0,1,1,0,0,0,1,0","5.404182434,5.729283333,5.265467167,5.614555359,5.634122849,5.456954956,5.404182434,5.653138161,5.772913456,5.756935120,5.745695591,5.598426342,5.458592415,5.767434120,5.687500000,5.328994274,5.576209545,5.797379017,7.103881836,6.518718719,6.438805580,6.381202221,6.471578598,6.393888950,7.201899052,5.463770390,5.656250000,5.577555180,6.334901810,6.354772091,5.879608154,6.455611706",STUN.TelegramVoip,78.355,0,Acceptable,VoIP,5,DPI (cache),"5"
1,ip4,192.168.12.169,149.154.167.222,tcp,40832,443,finished,17,15,1648032336639074,1648032364799931,1648032364830191,0,0,578,1228,1060,12707,0,8,1817805.6,25078496,6146606.0,37780767899648.0,1.5,"29139,30566,480,31562,35447,6512,41656,9889,49,31,23,46927,8,41719,2909634,2997736,16,16,15,2357,76,56,44252,15,34,56,139,73,125,25044870,25078496",52,482.7,1280,530.0,280877.2,4.1,"60,60,52,630,262,52,205,221,1280,1280,1280,700,52,52,52,381,1280,1280,1280,1280,1280,1280,680,52,52,52,52,52,52,52,52,52","14,0,0,0,1,0,0,0,0,0,1,0,0,0,0,0,0,0,1,0,0,0,0,0,0,0,0,0,0,0,0,0,0,0,0,0,0,0,0,0,0,0,0,0,0,0,0,0","2,0,0,0,0,1,1,0,0,0,0,0,0,0,0,0,0,0,0,1,1,0,0,0,0,0,0,0,0,0,0,0,0,0,0,0,0,0,9,0,0,0,0,0,0,0,0,0","0,1,0,0,1,0,0,1,1,1,1,1,0,0,0,0,1,1,1,1,1,1,1,0,0,0,0,0,0,0,0,1","4.859216213,5.266787529,5.156889439,7.555443287,7.119448662,5.118427753,6.908961773,6.987295628,7.824494839,7.835509300,7.843729496,7.724673271,5.195351124,5.094483852,5.115703106,7.462384224,7.834102154,7.851257801,7.840057850,7.862158298,7.844310284,7.831385612,7.709258080,5.156889439,5.041504860,5.079966545,5.118427753,5.156889439,5.156889439,5.115703106,5.077241421,5.156889439",Telegram,185,1,Acceptable,Chat,7,Match by IP,"35"
