Flow 2 risky: udp 192.168.12.67:45419 -> 35.219.252.146:3478
Flow 4 risky: udp 192.168.12.67:45419 -> 35.219.226.11:54116
Flow 3 risky: udp 192.168.12.67:45419 -> 35.219.226.11:12261
