Flow 2 risky: udp 192.168.12.169:43016 -> 74.125.247.128:3478
Flow 3 risky: icmp 192.168.12.169 -> 74.125.247.128
Flow 5 risky: udp 192.168.12.169:38123 -> 31.13.86.54:40003
