flow_datalink,l3_proto,src_ip,dst_ip,l4_proto,src_port,dst_port,flow_state,flow_src_packets_processed,flow_dst_packets_processed,flow_first_seen,flow_src_last_pkt_time,flow_dst_last_pkt_time,flow_src_min_l4_payload_len,flow_dst_min_l4_payload_len,flow_src_max_l4_payload_len,flow_dst_max_l4_payload_len,flow_src_tot_l4_payload_len,flow_dst_tot_l4_payload_len,midstream,iat_min,iat_avg,iat_max,iat_stddev,iat_var,iat_ent,iat_data,pktlen_min,pktlen_avg,pktlen_max,pktlen_stddev,pktlen_var,pktlen_ent,pktlen_data,bins_c_to_s,bins_s_to_c,directions,entropies,proto,proto_id,encrypted,breed,category,confidence_id,confidence,risks
1,ip4,192.168.1.13,178.62.197.130,tcp,53096,443,info,15,17,1581109488041083,1581109490061876,1581109490062194,0,0,517,1440,1047,13867,0,2,130384.0,1655693,403949.6,163175268352.0,2.0,"38504,38612,1822,40006,4099,93,2,42327,4,2052,40671,32,38677,3,193774,83,215,231092,9994,47033,1655690,50,1655693,186,15,177,176,149,321,109,243",52,518.7,1492,610.4,372566.0,4.0,"64,60,52,569,52,1492,1492,126,52,52,137,318,101,52,52,221,298,82,52,82,52,1492,1492,52,1492,1016,52,1492,1492,52,1492,1016","11,0,1,0,0,1,0,1,0,0,0,0,0,0,0,0,1,0,0,0,0,0,0,0,0,0,0,0,0,0,0,0,0,0,0,0,0,0,0,0,0,0,0,0,0,0,0,0","4,1,1,0,0,0,0,0,1,0,0,0,0,0,0,0,0,0,0,0,0,0,0,0,0,0,0,0,0,0,2,0,0,0,0,0,0,0,0,0,0,0,0,0,0,8,0,0","0,1,0,0,1,1,1,1,0,0,0,1,1,0,0,0,0,0,1,1,0,1,1,0,1,1,0,1,1,0,1,1","4.367087364,5.366787434,4.894361019,5.219459057,5.100070000,7.372200966,7.462010860,6.339152336,5.022342205,5.022342205,6.101534367,7.216136456,6.184206486,5.060803890,5.060803890,6.919060707,7.232208252,5.746105194,5.176993370,5.774940014,4.930902004,7.873261929,7.864090443,5.022342205,7.874901772,7.771182060,4.983880520,7.883468628,7.853567600,4.945418835,7.868775368,7.782253265",TLS.ntop,91.26,1,Safe,Network,6,DPI,""
