flow_datalink,l3_proto,src_ip,dst_ip,l4_proto,src_port,dst_port,flow_state,flow_src_packets_processed,flow_dst_packets_processed,flow_first_seen,flow_src_last_pkt_time,flow_dst_last_pkt_time,flow_src_min_l4_payload_len,flow_dst_min_l4_payload_len,flow_src_max_l4_payload_len,flow_dst_max_l4_payload_len,flow_src_tot_l4_payload_len,flow_dst_tot_l4_payload_len,midstream,iat_min,iat_avg,iat_max,iat_stddev,iat_var,iat_ent,iat_data,pktlen_min,pktlen_avg,pktlen_max,pktlen_stddev,pktlen_var,pktlen_ent,pktlen_data,bins_c_to_s,bins_s_to_c,directions,entropies,proto,proto_id,encrypted,breed,category,confidence_id,confidence,risks
1,ip4,192.168.1.178,82.81.46.13,tcp,61820,10443,info,19,13,1621067209199710,1621067210297694,1621067210301240,0,0,530,1440,1845,4568,0,39,70952.1,495036,111597.5,12454002688.0,3.7,"62553,62662,2345,64550,19935,1929,84016,11197,85323,74192,429584,495036,65428,84550,160241,75696,71555,6274,142878,591,65604,251,221,2934,4011,39,64164,57249,427,3990,89",52,253.0,1492,343.0,117623.0,4.1,"64,60,52,365,52,1492,1033,52,210,294,52,582,827,52,348,923,52,343,99,52,99,52,99,52,99,117,103,99,52,99,111,111","9,4,1,0,1,0,0,0,0,3,0,0,0,0,0,0,1,0,0,0,0,0,0,0,0,0,0,0,0,0,0,0,0,0,0,0,0,0,0,0,0,0,0,0,0,0,0,0","3,5,0,0,0,0,0,1,0,0,0,0,0,0,0,0,0,0,0,0,0,0,0,0,1,0,0,1,0,0,1,0,0,0,0,0,0,0,0,0,0,0,0,0,0,1,0,0","0,1,0,0,1,1,1,0,0,1,0,0,1,0,0,1,0,0,0,1,1,0,1,0,0,0,0,1,0,0,1,1","4.410132408,5.346732616,5.038779736,6.080028534,5.156889915,7.061070919,7.727006912,5.115703106,6.685589790,7.192217827,5.038779736,7.622327805,7.737955093,5.115703106,7.355971813,7.761943817,5.077241421,7.386271954,5.969920158,5.233812809,6.092373371,5.154164791,6.132777691,5.070539474,6.022900581,6.156826973,6.011271954,6.160604477,5.115703106,6.070930004,6.207380772,6.322289944",TLS.FortiClient,91.259,1,Safe,VPN,5,DPI (cache),"5,15"
