flow_datalink,l3_proto,src_ip,dst_ip,l4_proto,src_port,dst_port,flow_state,flow_src_packets_processed,flow_dst_packets_processed,flow_first_seen,flow_src_last_pkt_time,flow_dst_last_pkt_time,flow_src_min_l4_payload_len,flow_dst_min_l4_payload_len,flow_src_max_l4_payload_len,flow_dst_max_l4_payload_len,flow_src_tot_l4_payload_len,flow_dst_tot_l4_payload_len,midstream,iat_min,iat_avg,iat_max,iat_stddev,iat_var,iat_ent,iat_data,pktlen_min,pktlen_avg,pktlen_max,pktlen_stddev,pktlen_var,pktlen_ent,pktlen_data,bins_c_to_s,bins_s_to_c,directions,entropies,proto,proto_id,encrypted,breed,category,confidence_id,confidence,risks
1,ip4,192.168.1.146,151.101.2.132,tcp,35968,443,info,16,16,1631454722867862,1631454722915624,1631454722915766,0,0,517,1384,1070,14818,0,14,3086.0,16011,4867.3,23690602.0,3.4,"8850,8886,2829,11347,7507,16011,65,50,21,19,18,33,7291,458,15010,14,4004,11279,678,666,42,41,26,25,27,27,115,115,31,32,149",52,549.0,1436,627.7,394029.6,4.0,"60,60,52,569,52,1436,52,1436,52,1436,52,971,52,116,541,52,52,111,52,1436,52,1436,52,1436,52,1436,52,1436,52,1436,52,1436","13,0,1,0,0,0,0,0,0,0,0,0,0,0,0,1,1,0,0,0,0,0,0,0,0,0,0,0,0,0,0,0,0,0,0,0,0,0,0,0,0,0,0,0,0,0,0,0","4,1,0,0,0,0,0,0,0,0,0,0,0,0,0,0,0,0,0,0,0,0,0,0,0,0,0,0,1,0,0,0,0,0,0,0,0,0,0,0,0,0,0,10,0,0,0,0","0,1,0,0,1,1,0,1,0,1,0,1,0,0,0,1,1,1,0,1,0,1,0,1,0,1,0,1,0,1,0,1","4.679967880,5.108291149,5.100070000,5.268876553,5.138531685,7.847479820,5.061608315,7.859804630,5.061608315,7.874018669,5.061608315,7.772319317,5.061608315,6.130341530,7.577058315,5.047091484,5.047091484,6.133301258,5.100070000,7.864048481,5.100070000,7.878256798,5.100070000,7.852052212,5.061608315,7.879714489,5.100070000,7.869248867,5.023146629,7.862973690,5.100070000,7.856719017",TLS,91,1,Safe,Web,6,DPI,""
1,ip4,192.168.1.103,192.168.1.146,tcp,1714,8080,finished,14,18,1631454722864133,1631454722971434,1631454722971505,0,0,517,5536,1512,22723,0,4,6924.9,53379,12836.3,164771856.0,3.4,"32,2664,352,3052,9578,12352,2730,16207,17263,6110,7163,474,478,42,22,11387,743,133,163,12593,29,193,4,101,98,705,4022,50186,53379,1210,1208",40,799.0,5576,1594.6,2542806.0,3.2,"52,52,46,243,40,116,557,40,5111,46,104,40,210,40,359,40,99,5576,2808,1424,71,46,40,46,5576,1424,949,46,173,40,115,40","7,0,2,0,1,1,1,0,0,1,0,0,0,0,0,0,1,0,0,0,0,0,0,0,0,0,0,0,0,0,0,0,0,0,0,0,0,0,0,0,0,0,0,0,0,0,0,0","9,1,1,0,0,0,0,0,0,0,0,0,0,0,0,0,0,0,0,0,0,0,0,0,0,0,0,0,1,0,0,0,0,0,0,0,0,0,0,0,0,0,0,2,0,0,0,4","0,1,0,0,1,1,0,1,1,0,0,1,0,1,0,1,1,1,1,1,0,0,1,0,1,1,1,0,0,1,0,1","4.439885139,4.777055740,4.478915215,5.741591930,4.562815189,5.677224636,5.225388527,4.612814903,7.961506844,4.522394180,6.123366356,4.662815094,7.000855446,4.662815094,7.384087086,4.612815380,5.976536274,7.968001366,7.926353455,7.858606339,5.619441509,4.435437202,4.593943596,4.462504864,7.966147423,7.859233379,7.772559643,4.522394180,6.695012093,4.662815094,6.320215225,4.662815094",HTTP_Connect,130,0,Acceptable,Web,6,DPI,"35"
