flow_datalink,l3_proto,src_ip,dst_ip,l4_proto,src_port,dst_port,flow_state,flow_src_packets_processed,flow_dst_packets_processed,flow_first_seen,flow_src_last_pkt_time,flow_dst_last_pkt_time,flow_src_min_l4_payload_len,flow_dst_min_l4_payload_len,flow_src_max_l4_payload_len,flow_dst_max_l4_payload_len,flow_src_tot_l4_payload_len,flow_dst_tot_l4_payload_len,midstream,iat_min,iat_avg,iat_max,iat_stddev,iat_var,iat_ent,iat_data,pktlen_min,pktlen_avg,pktlen_max,pktlen_stddev,pktlen_var,pktlen_ent,pktlen_data,bins_c_to_s,bins_s_to_c,directions,entropies,proto,proto_id,encrypted,breed,category,confidence_id,confidence,risks
1,ip4,192.168.12.156,185.128.25.99,tcp,37976,465,info,15,17,1722427237865123,1722427239098966,1722427239119270,0,0,749,1448,2029,6170,0,4,80257.7,1019751,241804.0,58469183488.0,2.3,"20026,22066,6196,28075,47,21155,1036,26262,32,5,4,27970,122,183,23639,57497,41848,4811,15826,16412,4857,7937,24736,465,24028,23273,24679,66760,1019751,977576,716",52,308.7,1500,431.5,186180.0,4.0,"60,60,52,140,52,152,52,429,148,1500,1500,1500,52,52,152,164,52,52,376,873,52,52,801,52,310,172,395,176,52,199,52,148","7,0,1,3,1,0,0,0,0,0,1,1,0,0,0,0,0,0,0,0,0,0,0,1,0,0,0,0,0,0,0,0,0,0,0,0,0,0,0,0,0,0,0,0,0,0,0,0","7,0,0,4,0,0,0,0,1,0,1,0,0,0,0,0,0,0,0,0,0,0,0,0,0,1,0,0,0,0,0,0,0,0,0,0,0,0,0,0,0,0,0,0,0,3,0,0","0,1,0,0,1,1,0,0,1,1,1,1,0,0,0,1,0,1,0,1,0,1,0,1,1,0,1,0,1,0,1,1","4.713300705,5.200119972,5.118428230,6.481626511,5.065449238,6.636507511,5.079966068,7.256804943,6.578202248,7.858069420,7.854922771,7.883089542,5.041504383,5.118428230,6.483579159,6.730767250,5.079966068,5.079966068,7.347016811,7.755306244,5.079966545,5.118428230,7.724539757,5.156889439,7.263402939,6.729237556,7.474316120,6.499718189,5.118428230,6.903886318,5.118427753,6.545400143",,,,,,,,""
1,ip4,107.161.86.131,192.168.12.156,tcp,443,48072,info,11,21,1722705590754656,1722705591511972,1722705591387622,0,0,100,46,196,218,0,26,44847.8,303035,76201.7,5806696960.0,3.5,"102069,4840,6500,5499,5384,5348,5717,5375,5168,5616,5148,255594,100325,15640,143042,32722,143022,26,303035,27745,1278,5419,5419,5738,6677,5026,142895,27779,1244,5483,5509",52,67.3,152,23.7,562.8,4.9,"60,52,61,61,61,61,61,61,61,61,61,59,64,88,58,80,80,52,152,98,52,59,59,59,59,59,59,52,148,52,52,52","9,0,0,2,0,0,0,0,0,0,0,0,0,0,0,0,0,0,0,0,0,0,0,0,0,0,0,0,0,0,0,0,0,0,0,0,0,0,0,0,0,0,0,0,0,0,0,0","19,2,0,0,0,0,0,0,0,0,0,0,0,0,0,0,0,0,0,0,0,0,0,0,0,0,0,0,0,0,0,0,0,0,0,0,0,0,0,0,0,0,0,0,0,0,0,0","0,1,1,1,1,1,1,1,1,1,1,1,0,1,1,0,0,0,0,1,1,1,1,1,1,1,1,0,0,0,0,0","5.300120831,5.233812809,5.399485111,5.467381954,5.434595108,5.401808262,5.500168800,5.401808262,5.455006599,5.377057552,5.233534813,5.055375576,5.207358360,5.946230888,5.336176872,5.165400982,5.130965233,5.231892586,6.316833973,5.691545963,5.156889915,5.259676456,5.280779839,5.403578281,5.333379745,5.369679928,5.299482346,5.193430901,6.433825016,5.140452385,5.193430901,5.270354271",,,,,,,,""
