flow_datalink,l3_proto,src_ip,dst_ip,l4_proto,src_port,dst_port,flow_state,flow_src_packets_processed,flow_dst_packets_processed,flow_first_seen,flow_src_last_pkt_time,flow_dst_last_pkt_time,flow_src_min_l4_payload_len,flow_dst_min_l4_payload_len,flow_src_max_l4_payload_len,flow_dst_max_l4_payload_len,flow_src_tot_l4_payload_len,flow_dst_tot_l4_payload_len,midstream,iat_min,iat_avg,iat_max,iat_stddev,iat_var,iat_ent,iat_data,pktlen_min,pktlen_avg,pktlen_max,pktlen_stddev,pktlen_var,pktlen_ent,pktlen_data,bins_c_to_s,bins_s_to_c,directions,entropies,proto,proto_id,encrypted,breed,category,confidence_id,confidence,risks
1,ip4,192.168.1.178,146.48.58.18,tcp,55267,443,info,14,18,1620898025216866,1620898025482937,1620898025510399,0,0,442,1440,1135,16958,0,2,18051.7,118862,28694.5,823374080.0,3.5,"29610,29665,2362,30524,2,28159,51917,8877,77853,8496,625,1248,27408,129,120,247,131,125,259,123,123,248,503,122,637,24023,24010,84464,7818,118862,914",52,618.0,1492,660.5,436248.1,4.1,"64,60,52,263,52,193,52,103,494,52,52,1492,1492,52,1492,1492,52,1492,1492,52,1492,1492,52,1492,1492,52,1029,52,52,483,52,1492","10,1,0,0,0,0,1,0,0,0,0,0,0,2,0,0,0,0,0,0,0,0,0,0,0,0,0,0,0,0,0,0,0,0,0,0,0,0,0,0,0,0,0,0,0,0,0,0","5,0,0,0,1,0,0,0,0,0,0,0,0,0,0,0,0,0,0,0,0,0,0,0,0,0,0,0,0,0,1,0,0,0,0,0,0,0,0,0,0,0,0,0,0,11,0,0","0,1,0,0,1,1,0,0,0,1,1,1,1,0,1,1,0,1,1,0,1,1,0,1,1,0,1,0,0,0,1,1","4.365527153,5.154205322,4.884933472,5.833237171,5.047091484,6.387271881,4.923395157,5.485030651,7.478204250,4.994112968,4.772770882,7.875178814,7.866140842,4.961856842,7.872851372,7.874671459,4.961856842,7.876760006,7.864192009,4.884933472,7.871975422,7.883419514,4.961856842,7.874213696,7.878833771,4.923395157,7.820206165,4.961856842,4.839769840,7.462142944,5.085553646,7.865268230",TLS,91,1,Safe,Web,6,DPI,"15"
