flow_datalink,l3_proto,src_ip,dst_ip,l4_proto,src_port,dst_port,flow_state,flow_src_packets_processed,flow_dst_packets_processed,flow_first_seen,flow_src_last_pkt_time,flow_dst_last_pkt_time,flow_src_min_l4_payload_len,flow_dst_min_l4_payload_len,flow_src_max_l4_payload_len,flow_dst_max_l4_payload_len,flow_src_tot_l4_payload_len,flow_dst_tot_l4_payload_len,midstream,iat_min,iat_avg,iat_max,iat_stddev,iat_var,iat_ent,iat_data,pktlen_min,pktlen_avg,pktlen_max,pktlen_stddev,pktlen_var,pktlen_ent,pktlen_data,bins_c_to_s,bins_s_to_c,directions,entropies,proto,proto_id,encrypted,breed,category,confidence_id,confidence,risks
1,ip4,192.168.2.126,104.111.215.93,tcp,60174,443,info,16,16,1553619078033240,1553619078157096,1553619078157742,0,0,836,1448,1610,13760,0,1,8011.5,34221,11402.3,130012760.0,3.6,"25199,25284,303,30105,3339,1074,34221,792,742,1850,1850,782,8352,423,28143,18603,6453,607,7069,119,26007,3,43,25894,1,59,186,154,696,4,1",52,532.9,1500,584.9,342142.3,4.1,"64,60,52,569,52,1500,1500,52,1252,52,841,52,178,145,888,294,52,52,129,52,90,1105,1105,1500,52,52,52,710,52,1500,1500,1500","11,1,1,1,0,0,0,0,0,0,0,0,0,0,0,0,1,0,0,0,0,0,0,0,0,0,1,0,0,0,0,0,0,0,0,0,0,0,0,0,0,0,0,0,0,0,0,0","3,0,1,0,0,0,0,1,0,0,0,0,0,0,0,0,0,0,0,0,1,0,0,0,1,0,0,0,0,0,0,0,2,0,0,0,0,1,0,0,0,0,0,0,0,6,0,0","0,1,0,0,1,1,1,0,1,0,1,0,0,0,0,1,0,1,1,0,0,1,1,1,0,0,0,1,0,1,1,1","4.464972496,5.400120735,5.115703106,4.441882610,5.233812809,6.523200512,6.789650440,5.070538998,7.259748936,5.109000683,7.672616482,5.192625999,6.387032032,6.158265114,7.732074261,7.074759483,5.192625999,5.272274494,6.411020756,5.192625999,5.541742325,7.789433956,7.819917679,7.870871544,5.154164314,5.154164314,5.032077789,7.695037842,5.154164314,7.862812519,7.871836662,7.867298126",TLS,91,1,Safe,Web,6,DPI,""
