flow_datalink,l3_proto,src_ip,dst_ip,l4_proto,src_port,dst_port,flow_state,flow_src_packets_processed,flow_dst_packets_processed,flow_first_seen,flow_src_last_pkt_time,flow_dst_last_pkt_time,flow_src_min_l4_payload_len,flow_dst_min_l4_payload_len,flow_src_max_l4_payload_len,flow_dst_max_l4_payload_len,flow_src_tot_l4_payload_len,flow_dst_tot_l4_payload_len,midstream,iat_min,iat_avg,iat_max,iat_stddev,iat_var,iat_ent,iat_data,pktlen_min,pktlen_avg,pktlen_max,pktlen_stddev,pktlen_var,pktlen_ent,pktlen_data,bins_c_to_s,bins_s_to_c,directions,entropies,proto,proto_id,encrypted,breed,category,confidence_id,confidence,risks
113,ip6,2001:b07:a3d:c112:8628:88aa:8b00:913c,2a00:1450:4006:80d::200e,tcp,48302,443,info,17,15,1725108604629032,1725108606811390,1725108606811354,0,0,517,2416,821,17178,0,0,140796.1,2053502,429032.8,184069177344.0,1.9,"1019825,1024027,2053502,9703,406,10463,14792,0,24842,18,170,0,116,29,3354,490,13422,1,9609,1757,11412,77711,1,0,87369,366,324,304,298,178,191",72,635.5,2488,846.4,716345.8,3.9,"80,80,80,80,72,589,72,2488,1280,72,72,1280,1840,72,72,152,202,720,103,135,103,72,1280,307,1280,72,2488,72,2488,72,2488,72","13,1,1,0,1,0,0,0,0,0,0,0,0,0,0,0,1,0,0,0,0,0,0,0,0,0,0,0,0,0,0,0,0,0,0,0,0,0,0,0,0,0,0,0,0,0,0,0","4,0,0,0,0,0,0,1,0,0,0,0,0,0,0,0,0,0,0,0,1,0,0,0,0,0,0,0,0,0,0,0,0,0,0,0,0,4,0,0,0,0,0,0,0,0,0,5","0,0,0,1,0,0,1,1,1,0,0,1,1,0,0,0,0,1,1,0,0,1,1,1,1,0,1,0,1,0,1,0","4.850302696,4.800302982,4.850302696,5.367949963,5.219669819,4.818557739,5.209185123,7.915221691,7.834231853,5.219669819,5.247447491,7.848894119,7.900642872,5.219669819,5.219669819,6.392518997,6.617354393,7.706577778,5.915785313,6.435108185,5.884278774,5.236962795,7.850246906,7.152086258,7.852072716,5.247447491,7.906479836,5.247447491,7.917565346,5.247447491,7.928373814,5.247447491",TLS.YouTube,91.124,1,Fun,Media,6,DPI,""
