     DAEMON-EVENT: init
     DAEMON-EVENT: [Processed: 0 pkts][ZLib][compressions: 0|diff: 0 / 0]
     DAEMON-EVENT: [Flows][active: 0 / 0|skipped: 0|!detected: 0|guessed: 0|detection-updates: 0|updates: 0]
              new: [.....1] [ip4][..tcp] [...192.168.1.13][53031] -> [.178.62.197.130][..443]
         detected: [.....1] [ip4][..tcp] [...192.168.1.13][53031] -> [.178.62.197.130][..443] [TLS.ntop][Unknown][Network][Safe][www.ntop.org]
 detection-update: [.....1] [ip4][..tcp] [...192.168.1.13][53031] -> [.178.62.197.130][..443] [TLS.ntop][Unknown][Network][Safe][www.ntop.org]
 detection-update: [.....1] [ip4][..tcp] [...192.168.1.13][53031] -> [.178.62.197.130][..443] [TLS.ntop][Unknown][Network][Safe][www.ntop.org]
          analyse: [.....1] [ip4][..tcp] [...192.168.1.13][53031] -> [.178.62.197.130][..443] [TLS.ntop][Unknown][Network][Safe]
                                         min|       max|       avg|    stddev|         variance|  entropy
                   [IAT.........: <    0.001|     0.696|     0.070|     0.175|        30530.335|    2.600]
                   [PKTLEN......:     52.000|  1492.000|   384.700|   559.600|       313139.800|    3.800]
                   [BINS(c->s)..: 11,3,1,0,0,0,0,1,0,0,1,0,0,0,0,0,0,0,0,0,0,0,0,0,0,0,0,0,0,0,0,0,0,0,0,0,0,0,0,0,0,0,0,0,0,0,0,0]
                   [BINS(s->c)..: 5,2,0,1,0,0,0,0,0,0,0,0,0,0,0,0,0,0,0,0,0,0,0,0,0,0,0,0,0,0,1,0,0,0,0,0,0,0,0,0,0,0,0,0,0,6,0,0]
                   [DIRECTIONS..: 0,1,0,0,1,1,1,1,0,0,0,1,1,0,0,0,0,0,0,0,1,1,1,0,1,1,0,1,0,1,0,1]
                   [IATS(ms)....: 38.2,38.3,1.1,39.8,4.1,0.1,0.0,42.8,0.0,225.7,264.3,0.0,38.7,0.0,1.6,0.0,0.0,0.0,0.1,40.0,0.0,9.9,48.2,695.6,0.1,695.6,0.1,0.1,0.1,0.1,0.1]
                   [PKTLENS.....: 64,60,52,285,52,1492,1492,154,52,52,137,95,101,52,52,97,94,86,380,82,52,52,82,52,1492,1492,52,1492,52,1016,52,1492]
                   [ENTROPIES...: 4.3,5.3,4.9,5.7,5.2,7.4,7.4,6.4,4.9,4.9,6.0,5.8,6.1,4.9,5.0,5.9,5.8,5.8,7.4,5.6,5.0,5.1,5.8,5.0,7.9,7.9,4.9,7.9,4.8,7.8,4.9,7.9]
             idle: [.....1] [ip4][..tcp] [...192.168.1.13][53031] -> [.178.62.197.130][..443] [TLS.ntop][Unknown][Network][Safe][www.ntop.org]
     DAEMON-EVENT: shutdown
