     DAEMON-EVENT: init
     DAEMON-EVENT: [Processed: 0 pkts][ZLib][compressions: 0|diff: 0 / 0]
     DAEMON-EVENT: [Flows][active: 0 / 0|skipped: 0|!detected: 0|guessed: 0|detection-updates: 0|updates: 0]
              new: [.....1] [ip4][..udp] [..192.168.2.100][.3074] -> [..108.61.235.31][33441]
         detected: [.....1] [ip4][..udp] [..192.168.2.100][.3074] -> [..108.61.235.31][33441] [Activision][Unknown][Game][Fun]
              new: [.....2] [ip4][..udp] [..192.168.2.100][.3074] -> [...45.63.112.54][34741]
         detected: [.....2] [ip4][..udp] [..192.168.2.100][.3074] -> [...45.63.112.54][34741] [Activision][Unknown][Game][Fun]
           update: [.....1] [ip4][..udp] [..192.168.2.100][.3074] -> [..108.61.235.31][33441] [Activision][Unknown][Game][Fun]
     DAEMON-EVENT: [Processed: 30 pkts][ZLib][compressions: 0|diff: 0 / 0]
     DAEMON-EVENT: [Flows][active: 2 / 2|skipped: 0|!detected: 0|guessed: 0|detection-updates: 0|updates: 1]
              new: [.....3] [ip4][..udp] [..192.168.2.100][.3074] -> [.148.72.173.162][34311]
         detected: [.....3] [ip4][..udp] [..192.168.2.100][.3074] -> [.148.72.173.162][34311] [Activision][Unknown][Game][Fun]
             idle: [.....1] [ip4][..udp] [..192.168.2.100][.3074] -> [..108.61.235.31][33441] [Activision][Unknown][Game][Fun]
             idle: [.....2] [ip4][..udp] [..192.168.2.100][.3074] -> [...45.63.112.54][34741] [Activision][Unknown][Game][Fun]
     DAEMON-EVENT: [Processed: 45 pkts][ZLib][compressions: 0|diff: 0 / 0]
     DAEMON-EVENT: [Flows][active: 1 / 3|skipped: 0|!detected: 0|guessed: 0|detection-updates: 0|updates: 1]
              new: [.....4] [ip4][..udp] [..192.168.2.100][.3074] -> [...173.199.67.5][37081]
         detected: [.....4] [ip4][..udp] [..192.168.2.100][.3074] -> [...173.199.67.5][37081] [Activision][Unknown][Game][Fun]
             idle: [.....3] [ip4][..udp] [..192.168.2.100][.3074] -> [.148.72.173.162][34311] [Activision][Unknown][Game][Fun]
             idle: [.....4] [ip4][..udp] [..192.168.2.100][.3074] -> [...173.199.67.5][37081] [Activision][Unknown][Game][Fun]
     DAEMON-EVENT: shutdown
