     DAEMON-EVENT: init
     DAEMON-EVENT: [Processed: 0 pkts][ZLib][compressions: 0|diff: 0 / 0]
     DAEMON-EVENT: [Flows][active: 0 / 0|skipped: 0|!detected: 0|guessed: 0|detection-updates: 0|updates: 0]
              new: [.....1] [ip4][..udp] [..192.168.2.100][35778] -> [.23.248.186.179][.8130]
         detected: [.....1] [ip4][..udp] [..192.168.2.100][35778] -> [.23.248.186.179][.8130] [SD-RTN][Unknown][Media][Acceptable][23-248-186-179.edge.agora.io]
              new: [.....2] [ip4][..udp] [..192.168.2.100][35778] -> [.104.166.161.75][.8130]
         detected: [.....2] [ip4][..udp] [..192.168.2.100][35778] -> [.104.166.161.75][.8130] [SD-RTN][Unknown][Media][Acceptable][104-166-161-75.edge.agora.io]
              new: [.....3] [ip4][..udp] [..192.168.2.100][44131] -> [.104.166.161.75][.8130]
         detected: [.....3] [ip4][..udp] [..192.168.2.100][44131] -> [.104.166.161.75][.8130] [SD-RTN][Unknown][Media][Acceptable][104-166-161-75.edge.agora.io]
              new: [.....4] [ip4][..udp] [..192.168.2.100][44131] -> [.104.166.161.19][.8130]
         detected: [.....4] [ip4][..udp] [..192.168.2.100][44131] -> [.104.166.161.19][.8130] [SD-RTN][Unknown][Media][Acceptable][104-166-161-19.edge.agora.io]
           update: [.....1] [ip4][..udp] [..192.168.2.100][35778] -> [.23.248.186.179][.8130] [SD-RTN][Unknown][Media][Acceptable][23-248-186-179.edge.agora.io]
           update: [.....2] [ip4][..udp] [..192.168.2.100][35778] -> [.104.166.161.75][.8130] [SD-RTN][Unknown][Media][Acceptable][104-166-161-75.edge.agora.io]
              new: [.....5] [ip4][..udp] [..192.168.2.100][44131] -> [....128.1.77.66][.8130]
         detected: [.....5] [ip4][..udp] [..192.168.2.100][44131] -> [....128.1.77.66][.8130] [SD-RTN][Unknown][Media][Acceptable][128-1-77-66.edge.agora.io]
              new: [.....6] [ip4][..udp] [..192.168.2.100][44131] -> [.23.248.186.179][.8130]
         detected: [.....6] [ip4][..udp] [..192.168.2.100][44131] -> [.23.248.186.179][.8130] [SD-RTN][Unknown][Media][Acceptable][23-248-186-179.edge.agora.io]
              new: [.....7] [ip4][..udp] [..192.168.2.100][46798] -> [.23.248.186.179][.8130]
         detected: [.....7] [ip4][..udp] [..192.168.2.100][46798] -> [.23.248.186.179][.8130] [SD-RTN][Unknown][Media][Acceptable][23-248-186-179.edge.agora.io]
           update: [.....3] [ip4][..udp] [..192.168.2.100][44131] -> [.104.166.161.75][.8130] [SD-RTN][Unknown][Media][Acceptable][104-166-161-75.edge.agora.io]
           update: [.....4] [ip4][..udp] [..192.168.2.100][44131] -> [.104.166.161.19][.8130] [SD-RTN][Unknown][Media][Acceptable][104-166-161-19.edge.agora.io]
           update: [.....1] [ip4][..udp] [..192.168.2.100][35778] -> [.23.248.186.179][.8130] [SD-RTN][Unknown][Media][Acceptable][23-248-186-179.edge.agora.io]
           update: [.....5] [ip4][..udp] [..192.168.2.100][44131] -> [....128.1.77.66][.8130] [SD-RTN][Unknown][Media][Acceptable][128-1-77-66.edge.agora.io]
           update: [.....2] [ip4][..udp] [..192.168.2.100][35778] -> [.104.166.161.75][.8130] [SD-RTN][Unknown][Media][Acceptable][104-166-161-75.edge.agora.io]
              new: [.....8] [ip4][..udp] [..192.168.2.100][44131] -> [.23.248.186.180][.8130]
         detected: [.....8] [ip4][..udp] [..192.168.2.100][44131] -> [.23.248.186.180][.8130] [SD-RTN][Unknown][Media][Acceptable][23-248-186-180.edge.agora.io]
             idle: [.....1] [ip4][..udp] [..192.168.2.100][35778] -> [.23.248.186.179][.8130] [SD-RTN][Unknown][Media][Acceptable][23-248-186-179.edge.agora.io]
             idle: [.....2] [ip4][..udp] [..192.168.2.100][35778] -> [.104.166.161.75][.8130] [SD-RTN][Unknown][Media][Acceptable][104-166-161-75.edge.agora.io]
           update: [.....3] [ip4][..udp] [..192.168.2.100][44131] -> [.104.166.161.75][.8130] [SD-RTN][Unknown][Media][Acceptable][104-166-161-75.edge.agora.io]
           update: [.....4] [ip4][..udp] [..192.168.2.100][44131] -> [.104.166.161.19][.8130] [SD-RTN][Unknown][Media][Acceptable][104-166-161-19.edge.agora.io]
           update: [.....6] [ip4][..udp] [..192.168.2.100][44131] -> [.23.248.186.179][.8130] [SD-RTN][Unknown][Media][Acceptable][23-248-186-179.edge.agora.io]
           update: [.....5] [ip4][..udp] [..192.168.2.100][44131] -> [....128.1.77.66][.8130] [SD-RTN][Unknown][Media][Acceptable][128-1-77-66.edge.agora.io]
           update: [.....7] [ip4][..udp] [..192.168.2.100][46798] -> [.23.248.186.179][.8130] [SD-RTN][Unknown][Media][Acceptable][23-248-186-179.edge.agora.io]
     DAEMON-EVENT: [Processed: 120 pkts][ZLib][compressions: 0|diff: 0 / 0]
     DAEMON-EVENT: [Flows][active: 6 / 8|skipped: 0|!detected: 0|guessed: 0|detection-updates: 0|updates: 12]
              new: [.....9] [ip4][..udp] [..192.168.2.100][40393] -> [.23.248.186.179][.8130]
         detected: [.....9] [ip4][..udp] [..192.168.2.100][40393] -> [.23.248.186.179][.8130] [SD-RTN][Unknown][Media][Acceptable][23-248-186-179.edge.agora.io]
              new: [....10] [ip4][..udp] [..192.168.2.100][47453] -> [.23.248.186.179][.8130]
         detected: [....10] [ip4][..udp] [..192.168.2.100][47453] -> [.23.248.186.179][.8130] [SD-RTN][Unknown][Media][Acceptable][23-248-186-179.edge.agora.io]
              new: [....11] [ip4][..udp] [..192.168.2.100][40393] -> [.104.166.161.75][.8130]
         detected: [....11] [ip4][..udp] [..192.168.2.100][40393] -> [.104.166.161.75][.8130] [SD-RTN][Unknown][Media][Acceptable][104-166-161-75.edge.agora.io]
             idle: [.....4] [ip4][..udp] [..192.168.2.100][44131] -> [.104.166.161.19][.8130] [SD-RTN][Unknown][Media][Acceptable][104-166-161-19.edge.agora.io]
             idle: [.....3] [ip4][..udp] [..192.168.2.100][44131] -> [.104.166.161.75][.8130] [SD-RTN][Unknown][Media][Acceptable][104-166-161-75.edge.agora.io]
             idle: [.....8] [ip4][..udp] [..192.168.2.100][44131] -> [.23.248.186.180][.8130] [SD-RTN][Unknown][Media][Acceptable][23-248-186-180.edge.agora.io]
             idle: [.....6] [ip4][..udp] [..192.168.2.100][44131] -> [.23.248.186.179][.8130] [SD-RTN][Unknown][Media][Acceptable][23-248-186-179.edge.agora.io]
             idle: [.....5] [ip4][..udp] [..192.168.2.100][44131] -> [....128.1.77.66][.8130] [SD-RTN][Unknown][Media][Acceptable][128-1-77-66.edge.agora.io]
             idle: [.....7] [ip4][..udp] [..192.168.2.100][46798] -> [.23.248.186.179][.8130] [SD-RTN][Unknown][Media][Acceptable][23-248-186-179.edge.agora.io]
              new: [....12] [ip4][..udp] [..192.168.2.100][55322] -> [.104.166.161.75][.8130]
         detected: [....12] [ip4][..udp] [..192.168.2.100][55322] -> [.104.166.161.75][.8130] [SD-RTN][Unknown][Media][Acceptable][104-166-161-75.edge.agora.io]
              new: [....13] [ip4][..udp] [..192.168.2.100][55322] -> [..128.1.233.218][.8130]
         detected: [....13] [ip4][..udp] [..192.168.2.100][55322] -> [..128.1.233.218][.8130] [SD-RTN][Unknown][Media][Acceptable][128-1-233-218.edge.agora.io]
              new: [....14] [ip4][..udp] [..192.168.2.100][55322] -> [.193.118.52.182][.8130]
         detected: [....14] [ip4][..udp] [..192.168.2.100][55322] -> [.193.118.52.182][.8130] [SD-RTN][Unknown][Media][Acceptable][193-118-52-182.edge.agora.io]
           update: [....11] [ip4][..udp] [..192.168.2.100][40393] -> [.104.166.161.75][.8130] [SD-RTN][Unknown][Media][Acceptable][104-166-161-75.edge.agora.io]
           update: [.....9] [ip4][..udp] [..192.168.2.100][40393] -> [.23.248.186.179][.8130] [SD-RTN][Unknown][Media][Acceptable][23-248-186-179.edge.agora.io]
           update: [....10] [ip4][..udp] [..192.168.2.100][47453] -> [.23.248.186.179][.8130] [SD-RTN][Unknown][Media][Acceptable][23-248-186-179.edge.agora.io]
     DAEMON-EVENT: [Processed: 210 pkts][ZLib][compressions: 0|diff: 0 / 0]
     DAEMON-EVENT: [Flows][active: 6 / 14|skipped: 0|!detected: 0|guessed: 0|detection-updates: 0|updates: 15]
             idle: [....11] [ip4][..udp] [..192.168.2.100][40393] -> [.104.166.161.75][.8130] [SD-RTN][Unknown][Media][Acceptable][104-166-161-75.edge.agora.io]
             idle: [....14] [ip4][..udp] [..192.168.2.100][55322] -> [.193.118.52.182][.8130] [SD-RTN][Unknown][Media][Acceptable][193-118-52-182.edge.agora.io]
             idle: [....13] [ip4][..udp] [..192.168.2.100][55322] -> [..128.1.233.218][.8130] [SD-RTN][Unknown][Media][Acceptable][128-1-233-218.edge.agora.io]
             idle: [.....9] [ip4][..udp] [..192.168.2.100][40393] -> [.23.248.186.179][.8130] [SD-RTN][Unknown][Media][Acceptable][23-248-186-179.edge.agora.io]
             idle: [....10] [ip4][..udp] [..192.168.2.100][47453] -> [.23.248.186.179][.8130] [SD-RTN][Unknown][Media][Acceptable][23-248-186-179.edge.agora.io]
           update: [....12] [ip4][..udp] [..192.168.2.100][55322] -> [.104.166.161.75][.8130] [SD-RTN][Unknown][Media][Acceptable][104-166-161-75.edge.agora.io]
              new: [....15] [ip4][..udp] [..192.168.2.100][55322] -> [..128.1.193.223][.8130]
         detected: [....15] [ip4][..udp] [..192.168.2.100][55322] -> [..128.1.193.223][.8130] [SD-RTN][Unknown][Media][Acceptable][128-1-193-223.edge.agora.io]
              new: [....16] [ip4][..udp] [..192.168.2.100][55322] -> [.23.248.186.180][.8130]
         detected: [....16] [ip4][..udp] [..192.168.2.100][55322] -> [.23.248.186.180][.8130] [SD-RTN][Unknown][Media][Acceptable][23-248-186-180.edge.agora.io]
           update: [....12] [ip4][..udp] [..192.168.2.100][55322] -> [.104.166.161.75][.8130] [SD-RTN][Unknown][Media][Acceptable][104-166-161-75.edge.agora.io]
              new: [....17] [ip4][..udp] [..192.168.2.100][55322] -> [..128.1.193.224][.8130]
         detected: [....17] [ip4][..udp] [..192.168.2.100][55322] -> [..128.1.193.224][.8130] [SD-RTN][Unknown][Media][Acceptable][128-1-193-224.edge.agora.io]
           update: [....15] [ip4][..udp] [..192.168.2.100][55322] -> [..128.1.193.223][.8130] [SD-RTN][Unknown][Media][Acceptable][128-1-193-223.edge.agora.io]
              new: [....18] [ip4][..udp] [..192.168.2.100][55322] -> [.23.248.186.179][.8130]
         detected: [....18] [ip4][..udp] [..192.168.2.100][55322] -> [.23.248.186.179][.8130] [SD-RTN][Unknown][Media][Acceptable][23-248-186-179.edge.agora.io]
             idle: [....16] [ip4][..udp] [..192.168.2.100][55322] -> [.23.248.186.180][.8130] [SD-RTN][Unknown][Media][Acceptable][23-248-186-180.edge.agora.io]
             idle: [....15] [ip4][..udp] [..192.168.2.100][55322] -> [..128.1.193.223][.8130] [SD-RTN][Unknown][Media][Acceptable][128-1-193-223.edge.agora.io]
             idle: [....12] [ip4][..udp] [..192.168.2.100][55322] -> [.104.166.161.75][.8130] [SD-RTN][Unknown][Media][Acceptable][104-166-161-75.edge.agora.io]
           update: [....17] [ip4][..udp] [..192.168.2.100][55322] -> [..128.1.193.224][.8130] [SD-RTN][Unknown][Media][Acceptable][128-1-193-224.edge.agora.io]
     DAEMON-EVENT: [Processed: 285 pkts][ZLib][compressions: 0|diff: 0 / 0]
     DAEMON-EVENT: [Flows][active: 2 / 18|skipped: 0|!detected: 0|guessed: 0|detection-updates: 0|updates: 19]
              new: [....19] [ip4][..udp] [..192.168.2.100][47805] -> [..128.1.193.223][.8130]
         detected: [....19] [ip4][..udp] [..192.168.2.100][47805] -> [..128.1.193.223][.8130] [SD-RTN][Unknown][Media][Acceptable][128-1-193-223.edge.agora.io]
              new: [....20] [ip4][..udp] [..192.168.2.100][47805] -> [.202.226.25.166][.8130]
         detected: [....20] [ip4][..udp] [..192.168.2.100][47805] -> [.202.226.25.166][.8130] [SD-RTN][Unknown][Media][Acceptable][202-226-25-166.edge.agora.io]
             idle: [....18] [ip4][..udp] [..192.168.2.100][55322] -> [.23.248.186.179][.8130] [SD-RTN][Unknown][Media][Acceptable][23-248-186-179.edge.agora.io]
             idle: [....17] [ip4][..udp] [..192.168.2.100][55322] -> [..128.1.193.224][.8130] [SD-RTN][Unknown][Media][Acceptable][128-1-193-224.edge.agora.io]
              new: [....21] [ip4][..udp] [..192.168.2.100][47805] -> [103.104.168.244][.8130]
         detected: [....21] [ip4][..udp] [..192.168.2.100][47805] -> [103.104.168.244][.8130] [SD-RTN][Unknown][Media][Acceptable][103-104-168-244.edge.agora.io]
              new: [....22] [ip4][..udp] [..192.168.2.100][47805] -> [.199.190.44.135][.8130]
         detected: [....22] [ip4][..udp] [..192.168.2.100][47805] -> [.199.190.44.135][.8130] [SD-RTN][Unknown][Media][Acceptable][199-190-44-135.edge.agora.io]
              new: [....23] [ip4][..udp] [..192.168.2.100][47805] -> [..128.1.193.224][.8130]
         detected: [....23] [ip4][..udp] [..192.168.2.100][47805] -> [..128.1.193.224][.8130] [SD-RTN][Unknown][Media][Acceptable][128-1-193-224.edge.agora.io]
              new: [....24] [ip4][..udp] [..192.168.2.100][47805] -> [.23.248.186.179][.8130]
         detected: [....24] [ip4][..udp] [..192.168.2.100][47805] -> [.23.248.186.179][.8130] [SD-RTN][Unknown][Media][Acceptable][23-248-186-179.edge.agora.io]
              new: [....25] [ip4][..udp] [..192.168.2.100][55094] -> [..128.1.193.223][.8130]
         detected: [....25] [ip4][..udp] [..192.168.2.100][55094] -> [..128.1.193.223][.8130] [SD-RTN][Unknown][Media][Acceptable][128-1-193-223.edge.agora.io]
           update: [....19] [ip4][..udp] [..192.168.2.100][47805] -> [..128.1.193.223][.8130] [SD-RTN][Unknown][Media][Acceptable][128-1-193-223.edge.agora.io]
           update: [....22] [ip4][..udp] [..192.168.2.100][47805] -> [.199.190.44.135][.8130] [SD-RTN][Unknown][Media][Acceptable][199-190-44-135.edge.agora.io]
           update: [....20] [ip4][..udp] [..192.168.2.100][47805] -> [.202.226.25.166][.8130] [SD-RTN][Unknown][Media][Acceptable][202-226-25-166.edge.agora.io]
           update: [....21] [ip4][..udp] [..192.168.2.100][47805] -> [103.104.168.244][.8130] [SD-RTN][Unknown][Media][Acceptable][103-104-168-244.edge.agora.io]
              new: [....26] [ip4][..udp] [..192.168.2.100][47805] -> [.23.248.186.180][.8130]
         detected: [....26] [ip4][..udp] [..192.168.2.100][47805] -> [.23.248.186.180][.8130] [SD-RTN][Unknown][Media][Acceptable][23-248-186-180.edge.agora.io]
     DAEMON-EVENT: [Processed: 400 pkts][ZLib][compressions: 0|diff: 0 / 0]
     DAEMON-EVENT: [Flows][active: 8 / 26|skipped: 0|!detected: 0|guessed: 0|detection-updates: 0|updates: 23]
             idle: [....23] [ip4][..udp] [..192.168.2.100][47805] -> [..128.1.193.224][.8130] [SD-RTN][Unknown][Media][Acceptable][128-1-193-224.edge.agora.io]
             idle: [....19] [ip4][..udp] [..192.168.2.100][47805] -> [..128.1.193.223][.8130] [SD-RTN][Unknown][Media][Acceptable][128-1-193-223.edge.agora.io]
             idle: [....25] [ip4][..udp] [..192.168.2.100][55094] -> [..128.1.193.223][.8130] [SD-RTN][Unknown][Media][Acceptable][128-1-193-223.edge.agora.io]
             idle: [....22] [ip4][..udp] [..192.168.2.100][47805] -> [.199.190.44.135][.8130] [SD-RTN][Unknown][Media][Acceptable][199-190-44-135.edge.agora.io]
             idle: [....20] [ip4][..udp] [..192.168.2.100][47805] -> [.202.226.25.166][.8130] [SD-RTN][Unknown][Media][Acceptable][202-226-25-166.edge.agora.io]
             idle: [....21] [ip4][..udp] [..192.168.2.100][47805] -> [103.104.168.244][.8130] [SD-RTN][Unknown][Media][Acceptable][103-104-168-244.edge.agora.io]
             idle: [....26] [ip4][..udp] [..192.168.2.100][47805] -> [.23.248.186.180][.8130] [SD-RTN][Unknown][Media][Acceptable][23-248-186-180.edge.agora.io]
             idle: [....24] [ip4][..udp] [..192.168.2.100][47805] -> [.23.248.186.179][.8130] [SD-RTN][Unknown][Media][Acceptable][23-248-186-179.edge.agora.io]
     DAEMON-EVENT: shutdown
