     DAEMON-EVENT: init
     DAEMON-EVENT: [Processed: 0 pkts][ZLib][compressions: 0|diff: 0 / 0]
     DAEMON-EVENT: [Flows][active: 0 / 0|skipped: 0|!detected: 0|guessed: 0|detection-updates: 0|updates: 0]
              new: [.....1] [ip4][..udp] [..192.168.2.100][57970] -> [.181.214.35.149][..443]
         detected: [.....1] [ip4][..udp] [..192.168.2.100][57970] -> [.181.214.35.149][..443] [AVASTSecureDNS][Unknown][Network][Safe]
     DAEMON-EVENT: [Processed: 2 pkts][ZLib][compressions: 0|diff: 0 / 0]
     DAEMON-EVENT: [Flows][active: 1 / 1|skipped: 0|!detected: 0|guessed: 0|detection-updates: 0|updates: 0]
              new: [.....2] [ip4][..udp] [..192.168.2.100][61201] -> [.181.214.35.149][..443]
         detected: [.....2] [ip4][..udp] [..192.168.2.100][61201] -> [.181.214.35.149][..443] [AVASTSecureDNS][Unknown][Network][Safe]
              new: [.....3] [ip4][..udp] [..192.168.2.100][60835] -> [.181.214.35.149][..443]
         detected: [.....3] [ip4][..udp] [..192.168.2.100][60835] -> [.181.214.35.149][..443] [AVASTSecureDNS][Unknown][Network][Safe]
             idle: [.....1] [ip4][..udp] [..192.168.2.100][57970] -> [.181.214.35.149][..443] [AVASTSecureDNS][Unknown][Network][Safe]
              new: [.....4] [ip4][..udp] [..192.168.2.100][62775] -> [.181.214.35.149][..443]
         detected: [.....4] [ip4][..udp] [..192.168.2.100][62775] -> [.181.214.35.149][..443] [AVASTSecureDNS][Unknown][Network][Safe]
     DAEMON-EVENT: [Processed: 8 pkts][ZLib][compressions: 0|diff: 0 / 0]
     DAEMON-EVENT: [Flows][active: 3 / 4|skipped: 0|!detected: 0|guessed: 0|detection-updates: 0|updates: 0]
              new: [.....5] [ip4][..udp] [..192.168.2.100][56581] -> [.181.214.35.149][..443]
         detected: [.....5] [ip4][..udp] [..192.168.2.100][56581] -> [.181.214.35.149][..443] [AVASTSecureDNS][Unknown][Network][Safe]
              new: [.....6] [ip4][..udp] [..192.168.2.100][56765] -> [.181.214.35.149][..443]
         detected: [.....6] [ip4][..udp] [..192.168.2.100][56765] -> [.181.214.35.149][..443] [AVASTSecureDNS][Unknown][Network][Safe]
             idle: [.....3] [ip4][..udp] [..192.168.2.100][60835] -> [.181.214.35.149][..443] [AVASTSecureDNS][Unknown][Network][Safe]
             idle: [.....2] [ip4][..udp] [..192.168.2.100][61201] -> [.181.214.35.149][..443] [AVASTSecureDNS][Unknown][Network][Safe]
             idle: [.....4] [ip4][..udp] [..192.168.2.100][62775] -> [.181.214.35.149][..443] [AVASTSecureDNS][Unknown][Network][Safe]
     DAEMON-EVENT: [Processed: 12 pkts][ZLib][compressions: 0|diff: 0 / 0]
     DAEMON-EVENT: [Flows][active: 2 / 6|skipped: 0|!detected: 0|guessed: 0|detection-updates: 0|updates: 0]
              new: [.....7] [ip4][..udp] [..192.168.2.100][50581] -> [.181.214.35.149][..443]
         detected: [.....7] [ip4][..udp] [..192.168.2.100][50581] -> [.181.214.35.149][..443] [AVASTSecureDNS][Unknown][Network][Safe]
              new: [.....8] [ip4][..udp] [..192.168.2.100][61107] -> [.181.214.35.149][..443]
         detected: [.....8] [ip4][..udp] [..192.168.2.100][61107] -> [.181.214.35.149][..443] [AVASTSecureDNS][Unknown][Network][Safe]
             idle: [.....5] [ip4][..udp] [..192.168.2.100][56581] -> [.181.214.35.149][..443] [AVASTSecureDNS][Unknown][Network][Safe]
             idle: [.....6] [ip4][..udp] [..192.168.2.100][56765] -> [.181.214.35.149][..443] [AVASTSecureDNS][Unknown][Network][Safe]
     DAEMON-EVENT: [Processed: 16 pkts][ZLib][compressions: 0|diff: 0 / 0]
     DAEMON-EVENT: [Flows][active: 2 / 8|skipped: 0|!detected: 0|guessed: 0|detection-updates: 0|updates: 0]
              new: [.....9] [ip4][..udp] [..192.168.2.100][64954] -> [.181.214.35.149][..443]
         detected: [.....9] [ip4][..udp] [..192.168.2.100][64954] -> [.181.214.35.149][..443] [AVASTSecureDNS][Unknown][Network][Safe]
              new: [....10] [ip4][..udp] [..192.168.2.100][59621] -> [.181.214.35.149][..443]
         detected: [....10] [ip4][..udp] [..192.168.2.100][59621] -> [.181.214.35.149][..443] [AVASTSecureDNS][Unknown][Network][Safe]
             idle: [.....7] [ip4][..udp] [..192.168.2.100][50581] -> [.181.214.35.149][..443] [AVASTSecureDNS][Unknown][Network][Safe]
             idle: [.....8] [ip4][..udp] [..192.168.2.100][61107] -> [.181.214.35.149][..443] [AVASTSecureDNS][Unknown][Network][Safe]
     DAEMON-EVENT: [Processed: 20 pkts][ZLib][compressions: 0|diff: 0 / 0]
     DAEMON-EVENT: [Flows][active: 2 / 10|skipped: 0|!detected: 0|guessed: 0|detection-updates: 0|updates: 0]
              new: [....11] [ip4][..udp] [..192.168.2.100][52485] -> [.181.214.35.149][..443]
         detected: [....11] [ip4][..udp] [..192.168.2.100][52485] -> [.181.214.35.149][..443] [AVASTSecureDNS][Unknown][Network][Safe]
              new: [....12] [ip4][..udp] [..192.168.2.100][54938] -> [.181.214.35.149][..443]
         detected: [....12] [ip4][..udp] [..192.168.2.100][54938] -> [.181.214.35.149][..443] [AVASTSecureDNS][Unknown][Network][Safe]
             idle: [....10] [ip4][..udp] [..192.168.2.100][59621] -> [.181.214.35.149][..443] [AVASTSecureDNS][Unknown][Network][Safe]
             idle: [.....9] [ip4][..udp] [..192.168.2.100][64954] -> [.181.214.35.149][..443] [AVASTSecureDNS][Unknown][Network][Safe]
     DAEMON-EVENT: [Processed: 24 pkts][ZLib][compressions: 0|diff: 0 / 0]
     DAEMON-EVENT: [Flows][active: 2 / 12|skipped: 0|!detected: 0|guessed: 0|detection-updates: 0|updates: 0]
              new: [....13] [ip4][..udp] [..192.168.2.100][56839] -> [.181.214.35.149][..443]
         detected: [....13] [ip4][..udp] [..192.168.2.100][56839] -> [.181.214.35.149][..443] [AVASTSecureDNS][Unknown][Network][Safe]
             idle: [....11] [ip4][..udp] [..192.168.2.100][52485] -> [.181.214.35.149][..443] [AVASTSecureDNS][Unknown][Network][Safe]
             idle: [....12] [ip4][..udp] [..192.168.2.100][54938] -> [.181.214.35.149][..443] [AVASTSecureDNS][Unknown][Network][Safe]
     DAEMON-EVENT: [Processed: 26 pkts][ZLib][compressions: 0|diff: 0 / 0]
     DAEMON-EVENT: [Flows][active: 1 / 13|skipped: 0|!detected: 0|guessed: 0|detection-updates: 0|updates: 0]
              new: [....14] [ip4][..udp] [..192.168.2.100][58155] -> [.181.214.35.149][..443]
         detected: [....14] [ip4][..udp] [..192.168.2.100][58155] -> [.181.214.35.149][..443] [AVASTSecureDNS][Unknown][Network][Safe]
              new: [....15] [ip4][..udp] [..192.168.2.100][64487] -> [.181.214.35.149][..443]
         detected: [....15] [ip4][..udp] [..192.168.2.100][64487] -> [.181.214.35.149][..443] [AVASTSecureDNS][Unknown][Network][Safe]
              new: [....16] [ip4][..udp] [..192.168.2.100][49704] -> [.181.214.35.149][..443]
         detected: [....16] [ip4][..udp] [..192.168.2.100][49704] -> [.181.214.35.149][..443] [AVASTSecureDNS][Unknown][Network][Safe]
             idle: [....13] [ip4][..udp] [..192.168.2.100][56839] -> [.181.214.35.149][..443] [AVASTSecureDNS][Unknown][Network][Safe]
              new: [....17] [ip4][..udp] [..192.168.2.100][55311] -> [.181.214.35.149][..443]
         detected: [....17] [ip4][..udp] [..192.168.2.100][55311] -> [.181.214.35.149][..443] [AVASTSecureDNS][Unknown][Network][Safe]
              new: [....18] [ip4][..udp] [..192.168.2.100][56111] -> [.181.214.35.149][..443]
         detected: [....18] [ip4][..udp] [..192.168.2.100][56111] -> [.181.214.35.149][..443] [AVASTSecureDNS][Unknown][Network][Safe]
     DAEMON-EVENT: [Processed: 36 pkts][ZLib][compressions: 0|diff: 0 / 0]
     DAEMON-EVENT: [Flows][active: 5 / 18|skipped: 0|!detected: 0|guessed: 0|detection-updates: 0|updates: 0]
              new: [....19] [ip4][..udp] [..192.168.2.100][64494] -> [.181.214.35.149][..443]
         detected: [....19] [ip4][..udp] [..192.168.2.100][64494] -> [.181.214.35.149][..443] [AVASTSecureDNS][Unknown][Network][Safe]
              new: [....20] [ip4][..udp] [..192.168.2.100][51415] -> [.181.214.35.149][..443]
         detected: [....20] [ip4][..udp] [..192.168.2.100][51415] -> [.181.214.35.149][..443] [AVASTSecureDNS][Unknown][Network][Safe]
             idle: [....16] [ip4][..udp] [..192.168.2.100][49704] -> [.181.214.35.149][..443] [AVASTSecureDNS][Unknown][Network][Safe]
             idle: [....17] [ip4][..udp] [..192.168.2.100][55311] -> [.181.214.35.149][..443] [AVASTSecureDNS][Unknown][Network][Safe]
             idle: [....18] [ip4][..udp] [..192.168.2.100][56111] -> [.181.214.35.149][..443] [AVASTSecureDNS][Unknown][Network][Safe]
             idle: [....14] [ip4][..udp] [..192.168.2.100][58155] -> [.181.214.35.149][..443] [AVASTSecureDNS][Unknown][Network][Safe]
             idle: [....15] [ip4][..udp] [..192.168.2.100][64487] -> [.181.214.35.149][..443] [AVASTSecureDNS][Unknown][Network][Safe]
              new: [....21] [ip4][..udp] [..192.168.2.100][63776] -> [.181.214.35.149][..443]
         detected: [....21] [ip4][..udp] [..192.168.2.100][63776] -> [.181.214.35.149][..443] [AVASTSecureDNS][Unknown][Network][Safe]
              new: [....22] [ip4][..udp] [..192.168.2.100][50008] -> [.181.214.35.149][..443]
         detected: [....22] [ip4][..udp] [..192.168.2.100][50008] -> [.181.214.35.149][..443] [AVASTSecureDNS][Unknown][Network][Safe]
              new: [....23] [ip4][..udp] [..192.168.2.100][49737] -> [.181.214.35.149][..443]
         detected: [....23] [ip4][..udp] [..192.168.2.100][49737] -> [.181.214.35.149][..443] [AVASTSecureDNS][Unknown][Network][Safe]
           update: [....20] [ip4][..udp] [..192.168.2.100][51415] -> [.181.214.35.149][..443] [AVASTSecureDNS][Unknown][Network][Safe]
           update: [....19] [ip4][..udp] [..192.168.2.100][64494] -> [.181.214.35.149][..443] [AVASTSecureDNS][Unknown][Network][Safe]
              new: [....24] [ip4][..udp] [..192.168.2.100][51887] -> [.181.214.35.149][..443]
         detected: [....24] [ip4][..udp] [..192.168.2.100][51887] -> [.181.214.35.149][..443] [AVASTSecureDNS][Unknown][Network][Safe]
              new: [....25] [ip4][..udp] [..192.168.2.100][60127] -> [.181.214.35.149][..443]
         detected: [....25] [ip4][..udp] [..192.168.2.100][60127] -> [.181.214.35.149][..443] [AVASTSecureDNS][Unknown][Network][Safe]
              new: [....26] [ip4][..udp] [..192.168.2.100][54546] -> [.181.214.35.149][..443]
         detected: [....26] [ip4][..udp] [..192.168.2.100][54546] -> [.181.214.35.149][..443] [AVASTSecureDNS][Unknown][Network][Safe]
           update: [....23] [ip4][..udp] [..192.168.2.100][49737] -> [.181.214.35.149][..443] [AVASTSecureDNS][Unknown][Network][Safe]
           update: [....22] [ip4][..udp] [..192.168.2.100][50008] -> [.181.214.35.149][..443] [AVASTSecureDNS][Unknown][Network][Safe]
           update: [....20] [ip4][..udp] [..192.168.2.100][51415] -> [.181.214.35.149][..443] [AVASTSecureDNS][Unknown][Network][Safe]
           update: [....21] [ip4][..udp] [..192.168.2.100][63776] -> [.181.214.35.149][..443] [AVASTSecureDNS][Unknown][Network][Safe]
           update: [....19] [ip4][..udp] [..192.168.2.100][64494] -> [.181.214.35.149][..443] [AVASTSecureDNS][Unknown][Network][Safe]
     DAEMON-EVENT: [Processed: 52 pkts][ZLib][compressions: 0|diff: 0 / 0]
     DAEMON-EVENT: [Flows][active: 8 / 26|skipped: 0|!detected: 0|guessed: 0|detection-updates: 0|updates: 7]
              new: [....27] [ip4][..udp] [..192.168.2.100][64432] -> [.181.214.35.149][..443]
         detected: [....27] [ip4][..udp] [..192.168.2.100][64432] -> [.181.214.35.149][..443] [AVASTSecureDNS][Unknown][Network][Safe]
             idle: [....23] [ip4][..udp] [..192.168.2.100][49737] -> [.181.214.35.149][..443] [AVASTSecureDNS][Unknown][Network][Safe]
             idle: [....22] [ip4][..udp] [..192.168.2.100][50008] -> [.181.214.35.149][..443] [AVASTSecureDNS][Unknown][Network][Safe]
             idle: [....20] [ip4][..udp] [..192.168.2.100][51415] -> [.181.214.35.149][..443] [AVASTSecureDNS][Unknown][Network][Safe]
             idle: [....24] [ip4][..udp] [..192.168.2.100][51887] -> [.181.214.35.149][..443] [AVASTSecureDNS][Unknown][Network][Safe]
             idle: [....26] [ip4][..udp] [..192.168.2.100][54546] -> [.181.214.35.149][..443] [AVASTSecureDNS][Unknown][Network][Safe]
             idle: [....25] [ip4][..udp] [..192.168.2.100][60127] -> [.181.214.35.149][..443] [AVASTSecureDNS][Unknown][Network][Safe]
             idle: [....21] [ip4][..udp] [..192.168.2.100][63776] -> [.181.214.35.149][..443] [AVASTSecureDNS][Unknown][Network][Safe]
             idle: [....19] [ip4][..udp] [..192.168.2.100][64494] -> [.181.214.35.149][..443] [AVASTSecureDNS][Unknown][Network][Safe]
              new: [....28] [ip4][..udp] [..192.168.2.100][59613] -> [.181.214.35.149][..443]
         detected: [....28] [ip4][..udp] [..192.168.2.100][59613] -> [.181.214.35.149][..443] [AVASTSecureDNS][Unknown][Network][Safe]
              new: [....29] [ip4][..udp] [..192.168.2.100][65063] -> [.181.214.35.149][..443]
         detected: [....29] [ip4][..udp] [..192.168.2.100][65063] -> [.181.214.35.149][..443] [AVASTSecureDNS][Unknown][Network][Safe]
              new: [....30] [ip4][..udp] [..192.168.2.100][51929] -> [.181.214.35.149][..443]
         detected: [....30] [ip4][..udp] [..192.168.2.100][51929] -> [.181.214.35.149][..443] [AVASTSecureDNS][Unknown][Network][Safe]
              new: [....31] [ip4][..udp] [..192.168.2.100][52417] -> [.181.214.35.149][..443]
         detected: [....31] [ip4][..udp] [..192.168.2.100][52417] -> [.181.214.35.149][..443] [AVASTSecureDNS][Unknown][Network][Safe]
           update: [....28] [ip4][..udp] [..192.168.2.100][59613] -> [.181.214.35.149][..443] [AVASTSecureDNS][Unknown][Network][Safe]
           update: [....27] [ip4][..udp] [..192.168.2.100][64432] -> [.181.214.35.149][..443] [AVASTSecureDNS][Unknown][Network][Safe]
     DAEMON-EVENT: [Processed: 62 pkts][ZLib][compressions: 0|diff: 0 / 0]
     DAEMON-EVENT: [Flows][active: 5 / 31|skipped: 0|!detected: 0|guessed: 0|detection-updates: 0|updates: 9]
              new: [....32] [ip4][..udp] [..192.168.2.100][59474] -> [.181.214.35.149][..443]
         detected: [....32] [ip4][..udp] [..192.168.2.100][59474] -> [.181.214.35.149][..443] [AVASTSecureDNS][Unknown][Network][Safe]
              new: [....33] [ip4][..udp] [..192.168.2.100][53839] -> [.181.214.35.149][..443]
         detected: [....33] [ip4][..udp] [..192.168.2.100][53839] -> [.181.214.35.149][..443] [AVASTSecureDNS][Unknown][Network][Safe]
             idle: [....30] [ip4][..udp] [..192.168.2.100][51929] -> [.181.214.35.149][..443] [AVASTSecureDNS][Unknown][Network][Safe]
             idle: [....31] [ip4][..udp] [..192.168.2.100][52417] -> [.181.214.35.149][..443] [AVASTSecureDNS][Unknown][Network][Safe]
             idle: [....28] [ip4][..udp] [..192.168.2.100][59613] -> [.181.214.35.149][..443] [AVASTSecureDNS][Unknown][Network][Safe]
             idle: [....27] [ip4][..udp] [..192.168.2.100][64432] -> [.181.214.35.149][..443] [AVASTSecureDNS][Unknown][Network][Safe]
             idle: [....29] [ip4][..udp] [..192.168.2.100][65063] -> [.181.214.35.149][..443] [AVASTSecureDNS][Unknown][Network][Safe]
     DAEMON-EVENT: [Processed: 66 pkts][ZLib][compressions: 0|diff: 0 / 0]
     DAEMON-EVENT: [Flows][active: 2 / 33|skipped: 0|!detected: 0|guessed: 0|detection-updates: 0|updates: 9]
              new: [....34] [ip4][..udp] [..192.168.2.100][55948] -> [.181.214.35.149][..443]
         detected: [....34] [ip4][..udp] [..192.168.2.100][55948] -> [.181.214.35.149][..443] [AVASTSecureDNS][Unknown][Network][Safe]
              new: [....35] [ip4][..udp] [..192.168.2.100][51383] -> [.181.214.35.149][..443]
         detected: [....35] [ip4][..udp] [..192.168.2.100][51383] -> [.181.214.35.149][..443] [AVASTSecureDNS][Unknown][Network][Safe]
             idle: [....33] [ip4][..udp] [..192.168.2.100][53839] -> [.181.214.35.149][..443] [AVASTSecureDNS][Unknown][Network][Safe]
             idle: [....32] [ip4][..udp] [..192.168.2.100][59474] -> [.181.214.35.149][..443] [AVASTSecureDNS][Unknown][Network][Safe]
              new: [....36] [ip4][..udp] [..192.168.2.100][64700] -> [.181.214.35.149][..443]
         detected: [....36] [ip4][..udp] [..192.168.2.100][64700] -> [.181.214.35.149][..443] [AVASTSecureDNS][Unknown][Network][Safe]
              new: [....37] [ip4][..udp] [..192.168.2.100][54549] -> [.181.214.35.149][..443]
         detected: [....37] [ip4][..udp] [..192.168.2.100][54549] -> [.181.214.35.149][..443] [AVASTSecureDNS][Unknown][Network][Safe]
     DAEMON-EVENT: [Processed: 73 pkts][ZLib][compressions: 0|diff: 0 / 0]
     DAEMON-EVENT: [Flows][active: 4 / 37|skipped: 0|!detected: 0|guessed: 0|detection-updates: 0|updates: 9]
              new: [....38] [ip4][..udp] [..192.168.2.100][54760] -> [.181.214.35.149][..443]
         detected: [....38] [ip4][..udp] [..192.168.2.100][54760] -> [.181.214.35.149][..443] [AVASTSecureDNS][Unknown][Network][Safe]
              new: [....39] [ip4][..udp] [..192.168.2.100][49152] -> [.181.214.35.149][..443]
         detected: [....39] [ip4][..udp] [..192.168.2.100][49152] -> [.181.214.35.149][..443] [AVASTSecureDNS][Unknown][Network][Safe]
             idle: [....39] [ip4][..udp] [..192.168.2.100][49152] -> [.181.214.35.149][..443] [AVASTSecureDNS][Unknown][Network][Safe]
             idle: [....35] [ip4][..udp] [..192.168.2.100][51383] -> [.181.214.35.149][..443] [AVASTSecureDNS][Unknown][Network][Safe]
             idle: [....37] [ip4][..udp] [..192.168.2.100][54549] -> [.181.214.35.149][..443] [AVASTSecureDNS][Unknown][Network][Safe]
             idle: [....38] [ip4][..udp] [..192.168.2.100][54760] -> [.181.214.35.149][..443] [AVASTSecureDNS][Unknown][Network][Safe]
             idle: [....34] [ip4][..udp] [..192.168.2.100][55948] -> [.181.214.35.149][..443] [AVASTSecureDNS][Unknown][Network][Safe]
             idle: [....36] [ip4][..udp] [..192.168.2.100][64700] -> [.181.214.35.149][..443] [AVASTSecureDNS][Unknown][Network][Safe]
     DAEMON-EVENT: shutdown
