     DAEMON-EVENT: init
     DAEMON-EVENT: [Processed: 0 pkts][ZLib][compressions: 0|diff: 0 / 0]
     DAEMON-EVENT: [Flows][active: 0 / 0|skipped: 0|!detected: 0|guessed: 0|detection-updates: 0|updates: 0]
              new: [.....1] [ip6][..udp] [...............fe80::7c0:e74e:87c3:5d93][.6741] -> [..............................ff02::1:3][.5355]
         detected: [.....1] [ip6][..udp] [...............fe80::7c0:e74e:87c3:5d93][.6741] -> [..............................ff02::1:3][.5355] [LLMNR][Unknown][Network][Acceptable]
                   RISK: Non-Printable/Invalid Chars Detected
              new: [.....2] [ip6][..udp] [..............fe80::356b:e047:3695:f741][16765] -> [..............................ff02::1:3][.5355]
         detected: [.....2] [ip6][..udp] [..............fe80::356b:e047:3695:f741][16765] -> [..............................ff02::1:3][.5355] [LLMNR][Unknown][Network][Acceptable]
                   RISK: Non-Printable/Invalid Chars Detected
             idle: [.....2] [ip6][..udp] [..............fe80::356b:e047:3695:f741][16765] -> [..............................ff02::1:3][.5355] [LLMNR][Unknown][Network][Acceptable][????????????]
                   RISK: Non-Printable/Invalid Chars Detected
             idle: [.....1] [ip6][..udp] [...............fe80::7c0:e74e:87c3:5d93][.6741] -> [..............................ff02::1:3][.5355] [LLMNR][Unknown][Network][Acceptable][????????????]
                   RISK: Non-Printable/Invalid Chars Detected
     DAEMON-EVENT: shutdown
