     DAEMON-EVENT: init
     DAEMON-EVENT: [Processed: 0 pkts][ZLib][compressions: 0|diff: 0 / 0]
     DAEMON-EVENT: [Flows][active: 0 / 0|skipped: 0|!detected: 0|guessed: 0|detection-updates: 0|updates: 0]
              new: [.....1] [ip4][..tcp] [..172.16.17.102][40282] -> [..172.16.16.107][.9300]
         detected: [.....1] [ip4][..tcp] [..172.16.17.102][40282] -> [..172.16.16.107][.9300] [Elasticsearch][Unknown][System][Acceptable]
              new: [.....2] [ip4][..tcp] [..172.16.17.102][48038] -> [..172.16.16.106][.9300]
         detected: [.....2] [ip4][..tcp] [..172.16.17.102][48038] -> [..172.16.16.106][.9300] [Elasticsearch][Unknown][System][Acceptable]
              new: [.....3] [ip4][..tcp] [..172.16.16.107][33288] -> [..172.16.17.102][.9300]
              new: [.....4] [ip4][..tcp] [..172.16.16.107][.9300] -> [..172.16.17.102][40342] [MIDSTREAM]
         detected: [.....4] [ip4][..tcp] [..172.16.16.107][.9300] -> [..172.16.17.102][40342] [Elasticsearch][Unknown][System][Acceptable]
         detected: [.....3] [ip4][..tcp] [..172.16.16.107][33288] -> [..172.16.17.102][.9300] [Elasticsearch][Unknown][System][Acceptable]
              new: [.....5] [ip4][..tcp] [..172.16.16.107][.9300] -> [..172.16.17.102][40298] [MIDSTREAM]
         detected: [.....5] [ip4][..tcp] [..172.16.16.107][.9300] -> [..172.16.17.102][40298] [Elasticsearch][Unknown][System][Acceptable]
     DAEMON-EVENT: [Processed: 37 pkts][ZLib][compressions: 0|diff: 0 / 0]
     DAEMON-EVENT: [Flows][active: 5 / 5|skipped: 0|!detected: 0|guessed: 0|detection-updates: 0|updates: 0]
              end: [.....1] [ip4][..tcp] [..172.16.17.102][40282] -> [..172.16.16.107][.9300] [Elasticsearch][Unknown][System][Acceptable]
              new: [.....6] [ip4][..tcp] [..172.16.17.102][48028] -> [..172.16.16.106][.9300] [MIDSTREAM]
         detected: [.....6] [ip4][..tcp] [..172.16.17.102][48028] -> [..172.16.16.106][.9300] [Elasticsearch][Unknown][System][Acceptable]
              new: [.....7] [ip4][..tcp] [..172.16.17.102][47980] -> [..172.16.16.106][.9300] [MIDSTREAM]
         detected: [.....7] [ip4][..tcp] [..172.16.17.102][47980] -> [..172.16.16.106][.9300] [Elasticsearch][Unknown][System][Acceptable]
             idle: [.....7] [ip4][..tcp] [..172.16.17.102][47980] -> [..172.16.16.106][.9300] [Elasticsearch][Unknown][System][Acceptable]
             idle: [.....6] [ip4][..tcp] [..172.16.17.102][48028] -> [..172.16.16.106][.9300] [Elasticsearch][Unknown][System][Acceptable]
             idle: [.....2] [ip4][..tcp] [..172.16.17.102][48038] -> [..172.16.16.106][.9300] [Elasticsearch][Unknown][System][Acceptable]
             idle: [.....3] [ip4][..tcp] [..172.16.16.107][33288] -> [..172.16.17.102][.9300] [Elasticsearch][Unknown][System][Acceptable]
             idle: [.....5] [ip4][..tcp] [..172.16.16.107][.9300] -> [..172.16.17.102][40298] [Elasticsearch][Unknown][System][Acceptable]
             idle: [.....4] [ip4][..tcp] [..172.16.16.107][.9300] -> [..172.16.17.102][40342] [Elasticsearch][Unknown][System][Acceptable]
     DAEMON-EVENT: shutdown
