     DAEMON-EVENT: init
     DAEMON-EVENT: [Processed: 0 pkts][ZLib][compressions: 0|diff: 0 / 0]
     DAEMON-EVENT: [Flows][active: 0 / 0|skipped: 0|!detected: 0|guessed: 0|detection-updates: 0|updates: 0]
              new: [.....1] [ip4][..tcp] [....170.33.13.5][..110] -> [....192.168.0.1][..179]
          guessed: [.....1] [ip4][..tcp] [....170.33.13.5][..110] -> [....192.168.0.1][..179] [POP3][Alibaba][Email][Unsafe]
                   RISK: Unsafe Protocol, Susp Entropy, Unidirectional Traffic, TCP Connection Issues, Probing Attempt
              end: [.....1] [ip4][..tcp] [....170.33.13.5][..110] -> [....192.168.0.1][..179]
     DAEMON-EVENT: shutdown
