     DAEMON-EVENT: init
     DAEMON-EVENT: [Processed: 0 pkts][ZLib][compressions: 0|diff: 0 / 0]
     DAEMON-EVENT: [Flows][active: 0 / 0|skipped: 0|!detected: 0|guessed: 0|detection-updates: 0|updates: 0]
              new: [.....1] [ip4][..udp] [..192.168.2.100][14500] -> [109.237.187.193][.4500]
         detected: [.....1] [ip4][..udp] [..192.168.2.100][14500] -> [109.237.187.193][.4500] [IPSec][Unknown][VPN][Safe]
              new: [.....2] [ip4][..udp] [..192.168.2.100][10500] -> [109.237.187.193][..500]
         detected: [.....2] [ip4][..udp] [..192.168.2.100][10500] -> [109.237.187.193][..500] [IPSec][Unknown][VPN][Safe]
           update: [.....2] [ip4][..udp] [..192.168.2.100][10500] -> [109.237.187.193][..500] [IPSec][Unknown][VPN][Safe]
           update: [.....1] [ip4][..udp] [..192.168.2.100][14500] -> [109.237.187.193][.4500] [IPSec][Unknown][VPN][Safe]
     DAEMON-EVENT: [Processed: 23 pkts][ZLib][compressions: 0|diff: 0 / 0]
     DAEMON-EVENT: [Flows][active: 2 / 2|skipped: 0|!detected: 0|guessed: 0|detection-updates: 0|updates: 2]
           update: [.....2] [ip4][..udp] [..192.168.2.100][10500] -> [109.237.187.193][..500] [IPSec][Unknown][VPN][Safe]
           update: [.....1] [ip4][..udp] [..192.168.2.100][14500] -> [109.237.187.193][.4500] [IPSec][Unknown][VPN][Safe]
          analyse: [.....1] [ip4][..udp] [..192.168.2.100][14500] -> [109.237.187.193][.4500] [IPSec][Unknown][VPN][Safe]
                                         min|       max|       avg|    stddev|         variance|  entropy
                   [IAT.........:      0.000|   662.067|    70.207|   185.660|  34469670203.425|    2.000]
                   [PKTLEN......:    108.000|  1360.000|   528.100|   468.700|       219671.500|    4.500]
                   [BINS(c->s)..: 0,0,0,4,1,0,0,0,0,0,0,0,0,0,0,0,0,0,0,0,0,0,0,0,0,3,0,0,3,0,0,0,0,0,0,0,0,0,0,0,0,5,0,0,0,0,0,0]
                   [BINS(s->c)..: 0,0,3,0,7,0,3,0,0,0,0,0,0,2,0,0,0,0,0,0,0,0,0,0,0,0,0,0,0,0,0,0,1,0,0,0,0,0,0,0,0,0,0,0,0,0,0,0]
                   [DIRECTIONS..: 0,1,0,1,0,1,0,0,0,0,1,1,1,0,1,0,1,0,1,0,1,0,0,0,1,1,1,1,0,1,0,1]
                   [IATS(ms)....: 122.0,677.0,771.0,222.0,34.0,2372.0,0.0,1.0,23.0,2387.0,0.0,0.0,22.0,24.0,661960.0,662067.0,681.0,743.0,195.0,34.0,407.0,0.0,0.0,421.0,0.0,4.0,138.0,188.0,12771.0,421390.0,408766.0]
                   [PKTLENS.....: 844,236,140,108,124,444,1360,1360,928,1360,160,160,160,928,160,844,236,140,108,124,444,1360,1360,928,160,160,160,1056,160,108,844,236]
                   [ENTROPIES...: 7.7,7.0,6.1,5.8,6.1,7.4,7.9,7.9,7.8,7.9,6.6,6.7,6.6,7.8,6.6,7.8,6.9,6.2,5.8,6.0,7.4,7.9,7.9,7.8,6.6,6.5,6.8,7.8,6.7,5.7,7.8,6.8]
           update: [.....2] [ip4][..udp] [..192.168.2.100][10500] -> [109.237.187.193][..500] [IPSec][Unknown][VPN][Safe]
           update: [.....1] [ip4][..udp] [..192.168.2.100][14500] -> [109.237.187.193][.4500] [IPSec][Unknown][VPN][Safe]
     DAEMON-EVENT: [Processed: 61 pkts][ZLib][compressions: 0|diff: 0 / 0]
     DAEMON-EVENT: [Flows][active: 2 / 2|skipped: 0|!detected: 0|guessed: 0|detection-updates: 0|updates: 6]
             idle: [.....2] [ip4][..udp] [..192.168.2.100][10500] -> [109.237.187.193][..500] [IPSec][Unknown][VPN][Safe]
           update: [.....1] [ip4][..udp] [..192.168.2.100][14500] -> [109.237.187.193][.4500] [IPSec][Unknown][VPN][Safe]
              new: [.....3] [ip4][..udp] [..192.168.2.100][10500] -> [109.237.187.193][..500]
         detected: [.....3] [ip4][..udp] [..192.168.2.100][10500] -> [109.237.187.193][..500] [IPSec][Unknown][VPN][Safe]
           update: [.....3] [ip4][..udp] [..192.168.2.100][10500] -> [109.237.187.193][..500] [IPSec][Unknown][VPN][Safe]
           update: [.....1] [ip4][..udp] [..192.168.2.100][14500] -> [109.237.187.193][.4500] [IPSec][Unknown][VPN][Safe]
     DAEMON-EVENT: [Processed: 84 pkts][ZLib][compressions: 0|diff: 0 / 0]
     DAEMON-EVENT: [Flows][active: 2 / 3|skipped: 0|!detected: 0|guessed: 0|detection-updates: 0|updates: 9]
             idle: [.....1] [ip4][..udp] [..192.168.2.100][14500] -> [109.237.187.193][.4500] [IPSec][Unknown][VPN][Safe]
           update: [.....3] [ip4][..udp] [..192.168.2.100][10500] -> [109.237.187.193][..500] [IPSec][Unknown][VPN][Safe]
              new: [.....4] [ip4][..udp] [..192.168.2.100][14500] -> [109.237.187.195][.4500]
         detected: [.....4] [ip4][..udp] [..192.168.2.100][14500] -> [109.237.187.195][.4500] [IPSec][Unknown][VPN][Safe]
           update: [.....3] [ip4][..udp] [..192.168.2.100][10500] -> [109.237.187.193][..500] [IPSec][Unknown][VPN][Safe]
              new: [.....5] [ip4][..udp] [..192.168.2.100][14500] -> [109.237.187.193][.4500]
         detected: [.....5] [ip4][..udp] [..192.168.2.100][14500] -> [109.237.187.193][.4500] [IPSec][Unknown][VPN][Safe]
              new: [.....6] [ip4][..udp] [..192.168.2.100][10500] -> [109.237.187.195][..500]
         detected: [.....6] [ip4][..udp] [..192.168.2.100][10500] -> [109.237.187.195][..500] [IPSec][Unknown][VPN][Safe]
             idle: [.....3] [ip4][..udp] [..192.168.2.100][10500] -> [109.237.187.193][..500] [IPSec][Unknown][VPN][Safe]
           update: [.....4] [ip4][..udp] [..192.168.2.100][14500] -> [109.237.187.195][.4500] [IPSec][Unknown][VPN][Safe]
     DAEMON-EVENT: [Processed: 126 pkts][ZLib][compressions: 0|diff: 0 / 0]
     DAEMON-EVENT: [Flows][active: 3 / 6|skipped: 0|!detected: 0|guessed: 0|detection-updates: 0|updates: 12]
             idle: [.....5] [ip4][..udp] [..192.168.2.100][14500] -> [109.237.187.193][.4500] [IPSec][Unknown][VPN][Safe]
           update: [.....6] [ip4][..udp] [..192.168.2.100][10500] -> [109.237.187.195][..500] [IPSec][Unknown][VPN][Safe]
           update: [.....4] [ip4][..udp] [..192.168.2.100][14500] -> [109.237.187.195][.4500] [IPSec][Unknown][VPN][Safe]
     DAEMON-EVENT: [Processed: 145 pkts][ZLib][compressions: 0|diff: 0 / 0]
     DAEMON-EVENT: [Flows][active: 2 / 6|skipped: 0|!detected: 0|guessed: 0|detection-updates: 0|updates: 14]
              new: [.....7] [ip4][..udp] [..192.168.2.100][10500] -> [109.237.187.194][..500]
         detected: [.....7] [ip4][..udp] [..192.168.2.100][10500] -> [109.237.187.194][..500] [IPSec][Unknown][VPN][Safe]
              new: [.....8] [ip4][..udp] [..192.168.2.100][14500] -> [109.237.187.194][.4500]
         detected: [.....8] [ip4][..udp] [..192.168.2.100][14500] -> [109.237.187.194][.4500] [IPSec][Unknown][VPN][Safe]
             idle: [.....6] [ip4][..udp] [..192.168.2.100][10500] -> [109.237.187.195][..500] [IPSec][Unknown][VPN][Safe]
             idle: [.....4] [ip4][..udp] [..192.168.2.100][14500] -> [109.237.187.195][.4500] [IPSec][Unknown][VPN][Safe]
     DAEMON-EVENT: [Processed: 164 pkts][ZLib][compressions: 0|diff: 0 / 0]
     DAEMON-EVENT: [Flows][active: 2 / 8|skipped: 0|!detected: 0|guessed: 0|detection-updates: 0|updates: 14]
           update: [.....7] [ip4][..udp] [..192.168.2.100][10500] -> [109.237.187.194][..500] [IPSec][Unknown][VPN][Safe]
           update: [.....8] [ip4][..udp] [..192.168.2.100][14500] -> [109.237.187.194][.4500] [IPSec][Unknown][VPN][Safe]
           update: [.....7] [ip4][..udp] [..192.168.2.100][10500] -> [109.237.187.194][..500] [IPSec][Unknown][VPN][Safe]
           update: [.....8] [ip4][..udp] [..192.168.2.100][14500] -> [109.237.187.194][.4500] [IPSec][Unknown][VPN][Safe]
     DAEMON-EVENT: [Processed: 187 pkts][ZLib][compressions: 0|diff: 0 / 0]
     DAEMON-EVENT: [Flows][active: 2 / 8|skipped: 0|!detected: 0|guessed: 0|detection-updates: 0|updates: 18]
              new: [.....9] [ip4][..udp] [..192.168.2.100][10500] -> [109.237.187.225][..500]
         detected: [.....9] [ip4][..udp] [..192.168.2.100][10500] -> [109.237.187.225][..500] [IPSec][Unknown][VPN][Safe]
              new: [....10] [ip4][..udp] [..192.168.2.100][14500] -> [109.237.187.225][.4500]
         detected: [....10] [ip4][..udp] [..192.168.2.100][14500] -> [109.237.187.225][.4500] [IPSec][Unknown][VPN][Safe]
                   RISK: Malformed Packet, Susp Entropy
             idle: [.....7] [ip4][..udp] [..192.168.2.100][10500] -> [109.237.187.194][..500] [IPSec][Unknown][VPN][Safe]
             idle: [.....8] [ip4][..udp] [..192.168.2.100][14500] -> [109.237.187.194][.4500] [IPSec][Unknown][VPN][Safe]
              new: [....11] [ip4][..udp] [..192.168.2.100][10500] -> [109.237.187.131][..500]
         detected: [....11] [ip4][..udp] [..192.168.2.100][10500] -> [109.237.187.131][..500] [IPSec][Unknown][VPN][Safe]
                   RISK: Malformed Packet
              new: [....12] [ip4][..udp] [..192.168.2.100][14500] -> [109.237.187.131][.4500]
         detected: [....12] [ip4][..udp] [..192.168.2.100][14500] -> [109.237.187.131][.4500] [IPSec][Unknown][VPN][Safe]
             idle: [.....9] [ip4][..udp] [..192.168.2.100][10500] -> [109.237.187.225][..500] [IPSec][Unknown][VPN][Safe]
             idle: [....10] [ip4][..udp] [..192.168.2.100][14500] -> [109.237.187.225][.4500] [IPSec][Unknown][VPN][Safe]
                   RISK: Malformed Packet, Susp Entropy
     DAEMON-EVENT: [Processed: 225 pkts][ZLib][compressions: 0|diff: 0 / 0]
     DAEMON-EVENT: [Flows][active: 2 / 12|skipped: 0|!detected: 0|guessed: 0|detection-updates: 0|updates: 18]
           update: [....11] [ip4][..udp] [..192.168.2.100][10500] -> [109.237.187.131][..500] [IPSec][Unknown][VPN][Safe]
                   RISK: Malformed Packet
           update: [....12] [ip4][..udp] [..192.168.2.100][14500] -> [109.237.187.131][.4500] [IPSec][Unknown][VPN][Safe]
     DAEMON-EVENT: [Processed: 244 pkts][ZLib][compressions: 0|diff: 0 / 0]
     DAEMON-EVENT: [Flows][active: 2 / 12|skipped: 0|!detected: 0|guessed: 0|detection-updates: 0|updates: 20]
              new: [....13] [ip4][..udp] [..192.168.2.100][43811] -> [109.237.187.193][.4500]
         detected: [....13] [ip4][..udp] [..192.168.2.100][43811] -> [109.237.187.193][.4500] [IPSec][Unknown][VPN][Safe]
              new: [....14] [ip4][..udp] [..192.168.2.100][43811] -> [109.237.187.193][..500]
         detected: [....14] [ip4][..udp] [..192.168.2.100][43811] -> [109.237.187.193][..500] [IPSec][Unknown][VPN][Safe]
             idle: [....11] [ip4][..udp] [..192.168.2.100][10500] -> [109.237.187.131][..500] [IPSec][Unknown][VPN][Safe]
                   RISK: Malformed Packet
             idle: [....12] [ip4][..udp] [..192.168.2.100][14500] -> [109.237.187.131][.4500] [IPSec][Unknown][VPN][Safe]
     DAEMON-EVENT: [Processed: 267 pkts][ZLib][compressions: 0|diff: 0 / 0]
     DAEMON-EVENT: [Flows][active: 2 / 14|skipped: 0|!detected: 0|guessed: 0|detection-updates: 0|updates: 20]
              new: [....15] [ip4][..udp] [..192.168.2.100][10500] -> [109.237.187.129][..500]
         detected: [....15] [ip4][..udp] [..192.168.2.100][10500] -> [109.237.187.129][..500] [IPSec][Unknown][VPN][Safe]
              new: [....16] [ip4][..udp] [..192.168.2.100][14500] -> [109.237.187.129][.4500]
         detected: [....16] [ip4][..udp] [..192.168.2.100][14500] -> [109.237.187.129][.4500] [IPSec][Unknown][VPN][Safe]
             idle: [....14] [ip4][..udp] [..192.168.2.100][43811] -> [109.237.187.193][..500] [IPSec][Unknown][VPN][Safe]
             idle: [....13] [ip4][..udp] [..192.168.2.100][43811] -> [109.237.187.193][.4500] [IPSec][Unknown][VPN][Safe]
              new: [....17] [ip4][..udp] [..192.168.2.100][10500] -> [109.237.187.225][..500]
         detected: [....17] [ip4][..udp] [..192.168.2.100][10500] -> [109.237.187.225][..500] [IPSec][Unknown][VPN][Safe]
              new: [....18] [ip4][..udp] [..192.168.2.100][14500] -> [109.237.187.225][.4500]
         detected: [....18] [ip4][..udp] [..192.168.2.100][14500] -> [109.237.187.225][.4500] [IPSec][Unknown][VPN][Safe]
              new: [....19] [ip4][..udp] [..192.168.2.100][10500] -> [109.237.187.131][..500]
         detected: [....19] [ip4][..udp] [..192.168.2.100][10500] -> [109.237.187.131][..500] [IPSec][Unknown][VPN][Safe]
              new: [....20] [ip4][..udp] [..192.168.2.100][14500] -> [109.237.187.131][.4500]
         detected: [....20] [ip4][..udp] [..192.168.2.100][14500] -> [109.237.187.131][.4500] [IPSec][Unknown][VPN][Safe]
              new: [....21] [ip4][..udp] [..192.168.2.100][10500] -> [109.237.187.193][..500]
         detected: [....21] [ip4][..udp] [..192.168.2.100][10500] -> [109.237.187.193][..500] [IPSec][Unknown][VPN][Safe]
              new: [....22] [ip4][..udp] [..192.168.2.100][14500] -> [109.237.187.193][.4500]
         detected: [....22] [ip4][..udp] [..192.168.2.100][14500] -> [109.237.187.193][.4500] [IPSec][Unknown][VPN][Safe]
              new: [....23] [ip4][..udp] [..192.168.2.100][10500] -> [109.237.187.227][..500]
         detected: [....23] [ip4][..udp] [..192.168.2.100][10500] -> [109.237.187.227][..500] [IPSec][Unknown][VPN][Safe]
              new: [....24] [ip4][..udp] [..192.168.2.100][14500] -> [109.237.187.227][.4500]
         detected: [....24] [ip4][..udp] [..192.168.2.100][14500] -> [109.237.187.227][.4500] [IPSec][Unknown][VPN][Safe]
          analyse: [....24] [ip4][..udp] [..192.168.2.100][14500] -> [109.237.187.227][.4500] [IPSec][Unknown][VPN][Safe]
                                         min|       max|       avg|    stddev|         variance|  entropy
                   [IAT.........:      0.000|     0.000|     0.000|     0.000|            0.000|    0.000]
                   [PKTLEN......:    108.000|  1360.000|   493.000|   453.900|       206039.000|    4.400]
                   [BINS(c->s)..: 0,0,0,4,2,0,0,0,0,0,0,0,0,0,0,0,0,0,0,0,0,0,0,0,0,3,0,0,2,0,0,0,0,0,0,0,0,0,0,0,0,4,0,0,0,0,0,0]
                   [BINS(s->c)..: 0,0,4,0,6,0,3,0,0,0,0,0,0,2,0,0,0,0,0,0,0,0,0,0,0,0,0,0,0,0,0,0,2,0,0,0,0,0,0,0,0,0,0,0,0,0,0,0]
                   [DIRECTIONS..: 0,1,0,1,0,1,0,0,0,1,1,1,1,0,1,0,1,0,1,0,1,0,0,0,1,1,1,1,0,1,0,1]
                   [IATS(ms)....: 0.0,0.0,0.0,0.0,0.0,0.0,0.0,0.0,0.0,0.0,0.0,0.0,0.0,0.0,0.0,0.0,0.0,0.0,0.0,0.0,0.0,0.0,0.0,0.0,0.0,0.0,0.0,0.0,0.0,0.0,0.0]
                   [PKTLENS.....: 844,236,140,108,124,444,1360,1360,928,160,160,160,1056,160,108,844,236,140,108,124,444,1360,1360,928,160,160,160,1056,160,108,844,236]
                   [ENTROPIES...: 7.7,6.9,6.3,5.9,6.1,7.4,7.9,7.9,7.8,6.7,6.6,6.5,7.8,6.7,5.8,7.7,6.9,6.3,5.7,6.1,7.5,7.9,7.9,7.8,6.6,6.6,6.6,7.8,6.5,5.7,7.7,6.8]
          analyse: [....23] [ip4][..udp] [..192.168.2.100][10500] -> [109.237.187.227][..500] [IPSec][Unknown][VPN][Safe]
                                         min|       max|       avg|    stddev|         variance|  entropy
                   [IAT.........:      0.000|     0.000|     0.000|     0.000|            0.000|    0.000]
                   [PKTLEN......:     80.000|   828.000|   507.000|   320.200|       102515.000|    4.700]
                   [BINS(c->s)..: 0,0,0,0,0,0,0,0,0,0,0,0,0,0,0,0,0,0,0,0,0,0,0,0,8,8,0,0,0,0,0,0,0,0,0,0,0,0,0,0,0,0,0,0,0,0,0,0]
                   [BINS(s->c)..: 0,8,0,0,0,0,0,0,0,8,0,0,0,0,0,0,0,0,0,0,0,0,0,0,0,0,0,0,0,0,0,0,0,0,0,0,0,0,0,0,0,0,0,0,0,0,0,0]
                   [DIRECTIONS..: 0,1,0,1,0,1,0,1,0,1,0,1,0,1,0,1,0,1,0,1,0,1,0,1,0,1,0,1,0,1,0,1]
                   [IATS(ms)....: 0.0,0.0,0.0,0.0,0.0,0.0,0.0,0.0,0.0,0.0,0.0,0.0,0.0,0.0,0.0,0.0,0.0,0.0,0.0,0.0,0.0,0.0,0.0,0.0,0.0,0.0,0.0,0.0,0.0,0.0,0.0]
                   [PKTLENS.....: 804,80,828,316,804,80,828,316,804,80,828,316,804,80,828,316,804,80,828,316,804,80,828,316,804,80,828,316,804,80,828,316]
                   [ENTROPIES...: 4.9,4.6,5.0,6.6,5.0,4.6,5.0,6.6,4.9,4.6,5.0,6.4,4.9,4.6,5.0,6.6,4.9,4.6,5.0,6.5,4.9,4.6,5.0,6.6,4.9,4.7,5.0,6.6,4.9,4.6,5.0,6.5]
              new: [....25] [ip4][..udp] [..192.168.2.100][10500] -> [109.237.187.226][..500]
         detected: [....25] [ip4][..udp] [..192.168.2.100][10500] -> [109.237.187.226][..500] [IPSec][Unknown][VPN][Safe]
              new: [....26] [ip4][..udp] [..192.168.2.100][14500] -> [109.237.187.226][.4500]
         detected: [....26] [ip4][..udp] [..192.168.2.100][14500] -> [109.237.187.226][.4500] [IPSec][Unknown][VPN][Safe]
              new: [....27] [ip4][..udp] [..192.168.2.100][10500] -> [109.237.187.130][..500]
         detected: [....27] [ip4][..udp] [..192.168.2.100][10500] -> [109.237.187.130][..500] [IPSec][Unknown][VPN][Safe]
              new: [....28] [ip4][..udp] [..192.168.2.100][14500] -> [109.237.187.130][.4500]
         detected: [....28] [ip4][..udp] [..192.168.2.100][14500] -> [109.237.187.130][.4500] [IPSec][Unknown][VPN][Safe]
          analyse: [....28] [ip4][..udp] [..192.168.2.100][14500] -> [109.237.187.130][.4500] [IPSec][Unknown][VPN][Safe]
                                         min|       max|       avg|    stddev|         variance|  entropy
                   [IAT.........:      0.000|     0.000|     0.000|     0.000|            0.000|    0.000]
                   [PKTLEN......:    108.000|  1360.000|   651.200|   511.600|       261688.400|    4.500]
                   [BINS(c->s)..: 0,0,0,4,2,0,0,0,0,0,0,0,0,0,0,0,0,0,0,0,0,0,0,0,0,3,0,0,0,0,0,0,2,0,0,0,0,0,0,0,0,2,0,0,0,0,0,0]
                   [BINS(s->c)..: 0,0,2,0,4,0,3,0,0,0,0,0,0,2,0,0,0,0,0,0,0,0,0,0,0,0,0,0,0,0,0,0,2,0,0,0,0,0,0,0,2,4,0,0,0,0,0,0]
                   [DIRECTIONS..: 0,1,0,1,0,1,0,0,1,1,1,0,1,1,1,0,1,0,1,0,1,0,0,1,1,1,0,1,1,1,0,1]
                   [IATS(ms)....: 0.0,0.0,0.0,0.0,0.0,0.0,0.0,0.0,0.0,0.0,0.0,0.0,0.0,0.0,0.0,0.0,0.0,0.0,0.0,0.0,0.0,0.0,0.0,0.0,0.0,0.0,0.0,0.0,0.0,0.0,0.0]
                   [PKTLENS.....: 844,236,140,108,124,444,1360,1056,160,160,1056,160,1360,1360,1312,844,236,140,108,124,444,1360,1056,160,160,1056,160,1360,1360,1312,844,236]
                   [ENTROPIES...: 7.7,6.8,6.3,5.8,6.0,7.4,7.9,7.8,6.6,6.6,7.8,6.6,7.8,7.9,7.9,7.8,6.8,6.3,5.9,6.1,7.4,7.9,7.8,6.6,6.7,7.8,6.7,7.9,7.8,7.8,7.7,6.9]
              new: [....29] [ip4][..udp] [..192.168.2.100][42593] -> [109.237.187.193][.4500]
         detected: [....29] [ip4][..udp] [..192.168.2.100][42593] -> [109.237.187.193][.4500] [IPSec][Unknown][VPN][Safe]
              new: [....30] [ip4][..udp] [..192.168.2.100][42593] -> [109.237.187.193][..500]
         detected: [....30] [ip4][..udp] [..192.168.2.100][42593] -> [109.237.187.193][..500] [IPSec][Unknown][VPN][Safe]
              new: [....31] [ip4][..udp] [..192.168.2.100][10500] -> [109.237.187.194][..500]
         detected: [....31] [ip4][..udp] [..192.168.2.100][10500] -> [109.237.187.194][..500] [IPSec][Unknown][VPN][Safe]
              new: [....32] [ip4][..udp] [..192.168.2.100][14500] -> [109.237.187.194][.4500]
         detected: [....32] [ip4][..udp] [..192.168.2.100][14500] -> [109.237.187.194][.4500] [IPSec][Unknown][VPN][Safe]
              new: [....33] [ip4][..udp] [..192.168.2.100][41618] -> [109.237.187.194][.4500]
         detected: [....33] [ip4][..udp] [..192.168.2.100][41618] -> [109.237.187.194][.4500] [IPSec][Unknown][VPN][Safe]
              new: [....34] [ip4][..udp] [..192.168.2.100][14500] -> [109.237.187.195][.4500]
         detected: [....34] [ip4][..udp] [..192.168.2.100][14500] -> [109.237.187.195][.4500] [IPSec][Unknown][VPN][Safe]
              new: [....35] [ip4][..udp] [..192.168.2.100][41618] -> [109.237.187.194][..500]
         detected: [....35] [ip4][..udp] [..192.168.2.100][41618] -> [109.237.187.194][..500] [IPSec][Unknown][VPN][Safe]
              new: [....36] [ip4][..udp] [..192.168.2.100][10500] -> [109.237.187.195][..500]
         detected: [....36] [ip4][..udp] [..192.168.2.100][10500] -> [109.237.187.195][..500] [IPSec][Unknown][VPN][Safe]
          analyse: [....34] [ip4][..udp] [..192.168.2.100][14500] -> [109.237.187.195][.4500] [IPSec][Unknown][VPN][Safe]
                                         min|       max|       avg|    stddev|         variance|  entropy
                   [IAT.........:      0.000|     0.000|     0.000|     0.000|            0.000|    0.000]
                   [PKTLEN......:    108.000|  1360.000|   570.200|   486.800|       236933.900|    4.500]
                   [BINS(c->s)..: 0,0,0,4,2,0,0,0,0,0,0,0,0,0,0,0,0,0,0,0,0,0,0,0,0,3,0,2,0,0,0,0,0,0,0,0,0,0,0,0,0,4,0,0,0,0,0,0]
                   [BINS(s->c)..: 0,0,2,0,6,0,3,0,0,0,0,0,0,2,0,0,0,0,0,0,0,0,0,0,0,0,0,0,0,0,0,0,2,0,0,0,0,0,0,0,0,2,0,0,0,0,0,0]
                   [DIRECTIONS..: 0,1,0,1,0,1,0,0,0,1,1,1,1,0,1,0,1,0,1,0,1,0,0,0,1,1,1,1,0,1,0,1]
                   [IATS(ms)....: 0.0,0.0,0.0,0.0,0.0,0.0,0.0,0.0,0.0,0.0,0.0,0.0,0.0,0.0,0.0,0.0,0.0,0.0,0.0,0.0,0.0,0.0,0.0,0.0,0.0,0.0,0.0,0.0,0.0,0.0,0.0]
                   [PKTLENS.....: 844,236,140,108,124,444,1360,1360,912,160,160,160,1056,160,1360,844,236,140,108,124,444,1360,1360,912,160,160,160,1056,160,1360,844,236]
                   [ENTROPIES...: 7.7,6.9,6.3,5.7,6.2,7.5,7.9,7.8,7.8,6.7,6.7,6.7,7.8,6.5,7.8,7.7,6.9,6.3,5.8,6.1,7.4,7.9,7.9,7.8,6.5,6.5,6.6,7.8,6.7,7.8,7.7,6.9]
          analyse: [....18] [ip4][..udp] [..192.168.2.100][14500] -> [109.237.187.225][.4500] [IPSec][Unknown][VPN][Safe]
                                         min|       max|       avg|    stddev|         variance|  entropy
                   [IAT.........:      0.000|     0.000|     0.000|     0.000|            0.000|    0.000]
                   [PKTLEN......:    108.000|  1360.000|   531.600|   472.200|       222978.400|    4.400]
                   [BINS(c->s)..: 0,0,0,4,2,0,0,0,0,0,0,0,0,0,0,0,0,0,0,0,0,0,0,0,0,3,0,1,1,0,0,0,0,0,0,0,0,0,0,0,0,4,0,0,0,0,0,0]
                   [BINS(s->c)..: 0,0,3,0,6,0,3,0,0,0,0,0,0,2,0,0,0,0,0,0,0,0,0,0,0,0,0,0,0,0,0,0,2,0,0,0,0,0,0,0,0,1,0,0,0,0,0,0]
                   [DIRECTIONS..: 0,1,0,1,0,1,0,0,0,1,1,1,1,0,1,0,1,0,1,0,1,0,0,0,1,1,1,1,0,1,0,1]
                   [IATS(ms)....: 0.0,0.0,0.0,0.0,0.0,0.0,0.0,0.0,0.0,0.0,0.0,0.0,0.0,0.0,0.0,0.0,0.0,0.0,0.0,0.0,0.0,0.0,0.0,0.0,0.0,0.0,0.0,0.0,0.0,0.0,0.0]
                   [PKTLENS.....: 844,236,140,108,124,444,1360,1360,928,160,160,160,1056,160,108,844,236,140,108,124,444,1360,1360,912,160,160,160,1056,160,1360,844,236]
                   [ENTROPIES...: 7.7,6.9,6.3,5.8,6.2,7.5,7.8,7.8,7.8,6.7,6.6,6.6,7.8,6.6,5.7,7.8,7.0,6.2,5.9,6.2,7.5,7.9,7.9,7.8,6.7,6.6,6.6,7.8,6.6,7.8,7.7,6.9]
             idle: [....35] [ip4][..udp] [..192.168.2.100][41618] -> [109.237.187.194][..500] [IPSec][Unknown][VPN][Safe]
             idle: [....30] [ip4][..udp] [..192.168.2.100][42593] -> [109.237.187.193][..500] [IPSec][Unknown][VPN][Safe]
             idle: [....27] [ip4][..udp] [..192.168.2.100][10500] -> [109.237.187.130][..500] [IPSec][Unknown][VPN][Safe]
             idle: [....19] [ip4][..udp] [..192.168.2.100][10500] -> [109.237.187.131][..500] [IPSec][Unknown][VPN][Safe]
             idle: [....25] [ip4][..udp] [..192.168.2.100][10500] -> [109.237.187.226][..500] [IPSec][Unknown][VPN][Safe]
             idle: [....23] [ip4][..udp] [..192.168.2.100][10500] -> [109.237.187.227][..500] [IPSec][Unknown][VPN][Safe]
             idle: [....36] [ip4][..udp] [..192.168.2.100][10500] -> [109.237.187.195][..500] [IPSec][Unknown][VPN][Safe]
             idle: [....31] [ip4][..udp] [..192.168.2.100][10500] -> [109.237.187.194][..500] [IPSec][Unknown][VPN][Safe]
             idle: [....21] [ip4][..udp] [..192.168.2.100][10500] -> [109.237.187.193][..500] [IPSec][Unknown][VPN][Safe]
             idle: [....17] [ip4][..udp] [..192.168.2.100][10500] -> [109.237.187.225][..500] [IPSec][Unknown][VPN][Safe]
             idle: [....15] [ip4][..udp] [..192.168.2.100][10500] -> [109.237.187.129][..500] [IPSec][Unknown][VPN][Safe]
             idle: [....33] [ip4][..udp] [..192.168.2.100][41618] -> [109.237.187.194][.4500] [IPSec][Unknown][VPN][Safe]
             idle: [....29] [ip4][..udp] [..192.168.2.100][42593] -> [109.237.187.193][.4500] [IPSec][Unknown][VPN][Safe]
             idle: [....28] [ip4][..udp] [..192.168.2.100][14500] -> [109.237.187.130][.4500] [IPSec][Unknown][VPN][Safe]
             idle: [....20] [ip4][..udp] [..192.168.2.100][14500] -> [109.237.187.131][.4500] [IPSec][Unknown][VPN][Safe]
             idle: [....26] [ip4][..udp] [..192.168.2.100][14500] -> [109.237.187.226][.4500] [IPSec][Unknown][VPN][Safe]
             idle: [....24] [ip4][..udp] [..192.168.2.100][14500] -> [109.237.187.227][.4500] [IPSec][Unknown][VPN][Safe]
             idle: [....34] [ip4][..udp] [..192.168.2.100][14500] -> [109.237.187.195][.4500] [IPSec][Unknown][VPN][Safe]
             idle: [....32] [ip4][..udp] [..192.168.2.100][14500] -> [109.237.187.194][.4500] [IPSec][Unknown][VPN][Safe]
             idle: [....22] [ip4][..udp] [..192.168.2.100][14500] -> [109.237.187.193][.4500] [IPSec][Unknown][VPN][Safe]
             idle: [....18] [ip4][..udp] [..192.168.2.100][14500] -> [109.237.187.225][.4500] [IPSec][Unknown][VPN][Safe]
             idle: [....16] [ip4][..udp] [..192.168.2.100][14500] -> [109.237.187.129][.4500] [IPSec][Unknown][VPN][Safe]
     DAEMON-EVENT: shutdown
