     DAEMON-EVENT: init
     DAEMON-EVENT: [Processed: 0 pkts][ZLib][compressions: 0|diff: 0 / 0]
     DAEMON-EVENT: [Flows][active: 0 / 0|skipped: 0|!detected: 0|guessed: 0|detection-updates: 0|updates: 0]
              new: [.....1] [ip4][..udp] [....139.25.22.2][.3295] -> [..139.25.22.102][..111]
         detected: [.....1] [ip4][..udp] [....139.25.22.2][.3295] -> [..139.25.22.102][..111] [NFS][Unknown][DataTransfer][Acceptable]
                   RISK: Known Proto on Non Std Port
              new: [.....2] [ip4][..udp] [....139.25.22.2][.3296] -> [..139.25.22.102][.1048]
         detected: [.....2] [ip4][..udp] [....139.25.22.2][.3296] -> [..139.25.22.102][.1048] [NFS][Unknown][DataTransfer][Acceptable]
                   RISK: Known Proto on Non Std Port
              new: [.....3] [ip4][..udp] [....139.25.22.2][..706] -> [..139.25.22.102][.1048]
         detected: [.....3] [ip4][..udp] [....139.25.22.2][..706] -> [..139.25.22.102][.1048] [NFS][Unknown][DataTransfer][Acceptable]
                   RISK: Known Proto on Non Std Port
              new: [.....4] [ip4][..udp] [....139.25.22.2][.3297] -> [..139.25.22.102][..111]
         detected: [.....4] [ip4][..udp] [....139.25.22.2][.3297] -> [..139.25.22.102][..111] [NFS][Unknown][DataTransfer][Acceptable]
                   RISK: Known Proto on Non Std Port
              new: [.....5] [ip4][..udp] [....139.25.22.2][.3298] -> [..139.25.22.102][.2049]
         detected: [.....5] [ip4][..udp] [....139.25.22.2][.3298] -> [..139.25.22.102][.2049] [NFS][Unknown][DataTransfer][Acceptable]
              new: [.....6] [ip4][..udp] [....139.25.22.2][.1022] -> [..139.25.22.102][.2049]
         detected: [.....6] [ip4][..udp] [....139.25.22.2][.1022] -> [..139.25.22.102][.2049] [NFS][Unknown][DataTransfer][Acceptable]
          analyse: [.....6] [ip4][..udp] [....139.25.22.2][.1022] -> [..139.25.22.102][.2049] [NFS][Unknown][DataTransfer][Acceptable]
                                         min|       max|       avg|    stddev|         variance|  entropy
                   [IAT.........:      0.000|     0.050|     0.006|     0.012|          151.925|    3.200]
                   [PKTLEN......:     60.000|   300.000|   162.400|    63.400|         4021.900|    4.900]
                   [BINS(c->s)..: 0,0,0,0,13,3,0,0,0,0,0,0,0,0,0,0,0,0,0,0,0,0,0,0,0,0,0,0,0,0,0,0,0,0,0,0,0,0,0,0,0,0,0,0,0,0,0,0]
                   [BINS(s->c)..: 0,6,0,2,2,2,0,2,2,0,0,0,0,0,0,0,0,0,0,0,0,0,0,0,0,0,0,0,0,0,0,0,0,0,0,0,0,0,0,0,0,0,0,0,0,0,0,0]
                   [DIRECTIONS..: 0,1,0,1,0,1,0,1,0,1,0,1,0,1,0,1,0,1,0,1,0,1,0,1,0,1,0,1,0,1,0,1]
                   [IATS(ms)....: 0.0,0.0,10.0,10.0,0.0,0.0,0.0,50.0,50.0,0.0,0.0,0.0,10.0,10.0,0.0,0.0,0.0,10.0,10.0,0.0,0.0,0.0,10.0,10.0,0.0,0.0,0.0,10.0,10.0,0.0,0.0]
                   [PKTLENS.....: 156,140,156,192,156,196,156,168,164,60,164,60,212,300,156,140,192,172,164,60,164,60,164,268,164,60,208,288,164,268,164,60]
                   [ENTROPIES...: 3.3,3.3,3.3,3.2,3.3,3.2,3.3,3.1,3.3,3.2,3.3,3.1,2.9,3.3,3.3,3.1,3.2,3.3,3.3,3.1,3.3,3.1,3.3,3.2,3.3,3.2,3.2,3.3,3.3,3.4,3.5,3.2]
              new: [.....7] [ip4][..udp] [....139.25.22.2][.3299] -> [..139.25.22.102][..111]
         detected: [.....7] [ip4][..udp] [....139.25.22.2][.3299] -> [..139.25.22.102][..111] [NFS][Unknown][DataTransfer][Acceptable]
                   RISK: Known Proto on Non Std Port
              new: [.....8] [ip4][..udp] [....139.25.22.2][..722] -> [..139.25.22.102][.1048]
         detected: [.....8] [ip4][..udp] [....139.25.22.2][..722] -> [..139.25.22.102][.1048] [NFS][Unknown][DataTransfer][Acceptable]
                   RISK: Known Proto on Non Std Port
             idle: [.....3] [ip4][..udp] [....139.25.22.2][..706] -> [..139.25.22.102][.1048] [NFS][Unknown][DataTransfer][Acceptable]
                   RISK: Known Proto on Non Std Port
             idle: [.....8] [ip4][..udp] [....139.25.22.2][..722] -> [..139.25.22.102][.1048] [NFS][Unknown][DataTransfer][Acceptable]
                   RISK: Known Proto on Non Std Port
             idle: [.....6] [ip4][..udp] [....139.25.22.2][.1022] -> [..139.25.22.102][.2049] [NFS][Unknown][DataTransfer][Acceptable]
             idle: [.....1] [ip4][..udp] [....139.25.22.2][.3295] -> [..139.25.22.102][..111] [NFS][Unknown][DataTransfer][Acceptable]
                   RISK: Known Proto on Non Std Port
             idle: [.....4] [ip4][..udp] [....139.25.22.2][.3297] -> [..139.25.22.102][..111] [NFS][Unknown][DataTransfer][Acceptable]
                   RISK: Known Proto on Non Std Port
             idle: [.....7] [ip4][..udp] [....139.25.22.2][.3299] -> [..139.25.22.102][..111] [NFS][Unknown][DataTransfer][Acceptable]
                   RISK: Known Proto on Non Std Port
             idle: [.....2] [ip4][..udp] [....139.25.22.2][.3296] -> [..139.25.22.102][.1048] [NFS][Unknown][DataTransfer][Acceptable]
                   RISK: Known Proto on Non Std Port
             idle: [.....5] [ip4][..udp] [....139.25.22.2][.3298] -> [..139.25.22.102][.2049] [NFS][Unknown][DataTransfer][Acceptable]
     DAEMON-EVENT: shutdown
