     DAEMON-EVENT: init
     DAEMON-EVENT: [Processed: 0 pkts][ZLib][compressions: 0|diff: 0 / 0]
     DAEMON-EVENT: [Flows][active: 0 / 0|skipped: 0|!detected: 0|guessed: 0|detection-updates: 0|updates: 0]
              new: [.....1] [ip4][..tcp] [......127.0.0.1][52392] -> [......127.0.0.1][12345]
         detected: [.....1] [ip4][..tcp] [......127.0.0.1][52392] -> [......127.0.0.1][12345] [Protobuf][Unknown][Network][Safe]
     DAEMON-EVENT: [Processed: 20 pkts][ZLib][compressions: 0|diff: 0 / 0]
     DAEMON-EVENT: [Flows][active: 1 / 1|skipped: 0|!detected: 0|guessed: 0|detection-updates: 0|updates: 0]
              new: [.....2] [ip4][..tcp] [......127.0.0.1][51680] -> [......127.0.0.1][12345]
              end: [.....1] [ip4][..tcp] [......127.0.0.1][52392] -> [......127.0.0.1][12345] [Protobuf][Unknown][Network][Safe]
         detected: [.....2] [ip4][..tcp] [......127.0.0.1][51680] -> [......127.0.0.1][12345] [Protobuf][Unknown][Network][Safe]
     DAEMON-EVENT: [Processed: 36 pkts][ZLib][compressions: 0|diff: 0 / 0]
     DAEMON-EVENT: [Flows][active: 1 / 2|skipped: 0|!detected: 0|guessed: 0|detection-updates: 0|updates: 0]
              new: [.....3] [ip4][..tcp] [......127.0.0.1][39786] -> [......127.0.0.1][12345]
         detected: [.....3] [ip4][..tcp] [......127.0.0.1][39786] -> [......127.0.0.1][12345] [Protobuf][Unknown][Network][Safe]
              end: [.....2] [ip4][..tcp] [......127.0.0.1][51680] -> [......127.0.0.1][12345] [Protobuf][Unknown][Network][Safe]
     DAEMON-EVENT: [Processed: 44 pkts][ZLib][compressions: 0|diff: 0 / 0]
     DAEMON-EVENT: [Flows][active: 1 / 3|skipped: 0|!detected: 0|guessed: 0|detection-updates: 0|updates: 0]
              new: [.....4] [ip4][..tcp] [......127.0.0.1][42358] -> [......127.0.0.1][12345]
         detected: [.....4] [ip4][..tcp] [......127.0.0.1][42358] -> [......127.0.0.1][12345] [Protobuf][Unknown][Network][Safe]
              end: [.....3] [ip4][..tcp] [......127.0.0.1][39786] -> [......127.0.0.1][12345] [Protobuf][Unknown][Network][Safe]
     DAEMON-EVENT: [Processed: 52 pkts][ZLib][compressions: 0|diff: 0 / 0]
     DAEMON-EVENT: [Flows][active: 1 / 4|skipped: 0|!detected: 0|guessed: 0|detection-updates: 0|updates: 0]
              new: [.....5] [ip4][..tcp] [......127.0.0.1][59030] -> [......127.0.0.1][12345]
         detected: [.....5] [ip4][..tcp] [......127.0.0.1][59030] -> [......127.0.0.1][12345] [Protobuf][Unknown][Network][Safe]
              end: [.....5] [ip4][..tcp] [......127.0.0.1][59030] -> [......127.0.0.1][12345] [Protobuf][Unknown][Network][Safe]
              end: [.....4] [ip4][..tcp] [......127.0.0.1][42358] -> [......127.0.0.1][12345] [Protobuf][Unknown][Network][Safe]
     DAEMON-EVENT: shutdown
