     DAEMON-EVENT: init
     DAEMON-EVENT: [Processed: 0 pkts][ZLib][compressions: 0|diff: 0 / 0]
     DAEMON-EVENT: [Flows][active: 0 / 0|skipped: 0|!detected: 0|guessed: 0|detection-updates: 0|updates: 0]
              new: [.....1] [ip4][..tcp] [..192.168.12.67][46892] -> [...2.23.155.106][..443]
         detected: [.....1] [ip4][..tcp] [..192.168.12.67][46892] -> [...2.23.155.106][..443] [TLS.Shein][Unknown][Shopping][Acceptable][img.shein.com]
 detection-update: [.....1] [ip4][..tcp] [..192.168.12.67][46892] -> [...2.23.155.106][..443] [TLS.Shein][Unknown][Shopping][Acceptable][img.shein.com]
     DAEMON-EVENT: [Processed: 13 pkts][ZLib][compressions: 0|diff: 0 / 0]
     DAEMON-EVENT: [Flows][active: 1 / 1|skipped: 0|!detected: 0|guessed: 0|detection-updates: 1|updates: 0]
              new: [.....2] [ip4][..tcp] [..192.168.12.67][47694] -> [......20.15.0.9][..443]
         detected: [.....2] [ip4][..tcp] [..192.168.12.67][47694] -> [......20.15.0.9][..443] [TLS.Temu][Azure][Shopping][Acceptable][gtm.temu.com]
 detection-update: [.....2] [ip4][..tcp] [..192.168.12.67][47694] -> [......20.15.0.9][..443] [TLS.Temu][Azure][Shopping][Acceptable][gtm.temu.com]
              new: [.....3] [ip4][..tcp] [..192.168.12.67][43446] -> [..59.82.122.224][..443]
         detected: [.....3] [ip4][..tcp] [..192.168.12.67][43446] -> [..59.82.122.224][..443] [TLS.Taobao][Alibaba][Shopping][Acceptable][umdc.taobao.com]
 detection-update: [.....3] [ip4][..tcp] [..192.168.12.67][43446] -> [..59.82.122.224][..443] [TLS.Taobao][Alibaba][Shopping][Acceptable][umdc.taobao.com]
 detection-update: [.....3] [ip4][..tcp] [..192.168.12.67][43446] -> [..59.82.122.224][..443] [TLS.Taobao][Alibaba][Shopping][Acceptable][umdc.taobao.com]
             idle: [.....1] [ip4][..tcp] [..192.168.12.67][46892] -> [...2.23.155.106][..443] [TLS.Shein][Unknown][Shopping][Acceptable]
             idle: [.....2] [ip4][..tcp] [..192.168.12.67][47694] -> [......20.15.0.9][..443] [TLS.Temu][Azure][Shopping][Acceptable]
             idle: [.....3] [ip4][..tcp] [..192.168.12.67][43446] -> [..59.82.122.224][..443] [TLS.Taobao][Alibaba][Shopping][Acceptable]
     DAEMON-EVENT: shutdown
