     DAEMON-EVENT: init
     DAEMON-EVENT: [Processed: 0 pkts][ZLib][compressions: 0|diff: 0 / 0]
     DAEMON-EVENT: [Flows][active: 0 / 0|skipped: 0|!detected: 0|guessed: 0|detection-updates: 0|updates: 0]
              new: [.....1] [ip4][..udp] [.192.168.170.20][...53] -> [..192.168.170.8][32795]
         detected: [.....1] [ip4][..udp] [.192.168.170.20][...53] -> [..192.168.170.8][32795] [DNS][Unknown][Network][Acceptable][www.l.google.com]
     DAEMON-EVENT: [Processed: 3 pkts][ZLib][compressions: 0|diff: 0 / 0]
     DAEMON-EVENT: [Flows][active: 1 / 1|skipped: 0|!detected: 0|guessed: 0|detection-updates: 0|updates: 0]
      ERROR-EVENT: Unknown packet type [1/16]
      ERROR-EVENT: Unknown packet type [2/16]
             idle: [.....1] [ip4][..udp] [.192.168.170.20][...53] -> [..192.168.170.8][32795] [DNS][Unknown][Network][Acceptable][www.l.google.com]
     DAEMON-EVENT: shutdown
